vite v6.3.2 building SSR bundle for production...
transforming...
5:02:08 AM [vite-plugin-svelte] src/routes/code-canvas/+page.svelte:439:2 Unused CSS selector "button"
https://svelte.dev/e/css_unused_selector
437: 
438:   :global(.svelte-flow__controls) {
439:     button {
               ^
440:       background-color: var(--color-background);
441:       border: 1px solid var(--color-border);
5:02:08 AM [vite-plugin-svelte] src/routes/code-canvas/+page.svelte:445:2 Unused CSS selector "button:hover"
https://svelte.dev/e/css_unused_selector
443:     }
444: 
445:     button:hover {
                     ^
446:       background-color: var(--color-muted);
447:     }
5:02:08 AM [vite-plugin-svelte] src/routes/component-editor/+page.svelte:299:1 Unused CSS selector ".terminal-panel .terminal-container"
https://svelte.dev/e/css_unused_selector
297:     overflow-y: auto;
298:   }
299:   .terminal-panel .terminal-container {
                                          ^
300:     width: 100%;
301:     height: 100%;
5:02:09 AM [vite-plugin-svelte] src/routes/live-editor/+page.svelte:299:1 Unused CSS selector ".terminal-panel .terminal-container"
https://svelte.dev/e/css_unused_selector
297:     overflow-y: auto;
298:   }
299:   .terminal-panel .terminal-container {
                                          ^
300:     width: 100%;
301:     height: 100%;
5:02:12 AM [vite-plugin-svelte] src/lib/components/nodes/terminal-node.svelte:22:5 `terminalContainer` is updated, but is not declared with `$state(...)`. Changing its value will not correctly trigger updates
https://svelte.dev/e/non_reactive_update
20:   } = $props();
21: 
22:   let terminalContainer: HTMLDivElement;
                                           ^
23:   let terminal: any;
24:   let shellProcess: any = null;
5:02:12 AM [vite-plugin-svelte] src/lib/components/nodes/terminal-node.svelte:23:5 `terminal` is updated, but is not declared with `$state(...)`. Changing its value will not correctly trigger updates
https://svelte.dev/e/non_reactive_update
21: 
22:   let terminalContainer: HTMLDivElement;
23:   let terminal: any;
                       ^
24:   let shellProcess: any = null;
25:   let fitAddon: any;
5:02:12 AM [vite-plugin-svelte] src/lib/components/nodes/terminal-node.svelte:412:1 Unused CSS selector ".terminal-control-bar"
https://svelte.dev/e/css_unused_selector
410: 
411: <style>
412:   .terminal-control-bar {
                            ^
413:     display: flex;
414:     align-items: center;
5:02:12 AM [vite-plugin-svelte] src/lib/components/nodes/terminal-node.svelte:424:1 Unused CSS selector ".terminal-title"
https://svelte.dev/e/css_unused_selector
422:     user-select: none;
423:   }
424:   .terminal-title {
                      ^
425:     font-weight: 500;
426:     letter-spacing: 0.5px;
5:02:12 AM [vite-plugin-svelte] src/lib/components/nodes/terminal-node.svelte:428:1 Unused CSS selector ".terminal-controls"
https://svelte.dev/e/css_unused_selector
426:     letter-spacing: 0.5px;
427:   }
428:   .terminal-controls {
                         ^
429:     display: flex;
430:     gap: 4px;
5:02:12 AM [vite-plugin-svelte] src/lib/components/nodes/terminal-node.svelte:432:1 Unused CSS selector ".terminal-btn"
https://svelte.dev/e/css_unused_selector
430:     gap: 4px;
431:   }
432:   .terminal-btn {
                    ^
433:     background: none;
434:     border: none;
5:02:12 AM [vite-plugin-svelte] src/lib/components/nodes/terminal-node.svelte:444:1 Unused CSS selector ".terminal-btn:hover"
https://svelte.dev/e/css_unused_selector
442:       color 0.15s;
443:   }
444:   .terminal-btn:hover {
                          ^
445:     background: #333;
446:     color: #fff;
5:02:12 AM [vite-plugin-svelte] src/lib/components/nodes/file-explorer-node.svelte:605:7 Redundant role 'button'
https://svelte.dev/e/a11y_no_redundant_roles
603:                 }
604:               }}
605:               role="button"
                                ^
606:               tabindex="0"
607:               aria-label={`Navigate to ${item.name}`}
Browserslist: browsers data (caniuse-lite) is 16 months old. Please run:
  npx update-browserslist-db@latest
  Why you should do it regularly: https://github.com/browserslist/update-db#readme
5:02:16 AM [vite-plugin-svelte] src/lib/components/file-tree-folder.svelte:22:20 This reference only captures the initial value of `initiallyOpen`. Did you mean to reference it inside a closure instead?
https://svelte.dev/e/state_referenced_locally
20:   } = $props()
21: 
22:   let open = $state(initiallyOpen)
                                     ^
23: 
24:   function normalizePath(path: string) {
"rectangularSelection" and "crosshairCursor" are imported from external module "@codemirror/view" but never used in "src/routes/component-editor/+page.svelte", "src/routes/live-editor/+page.svelte", "src/lib/components/nodes/editor-node.svelte", "src/routes/code-canvas/+page.svelte" and "src/lib/components/code-editor.svelte".
"language" is imported from external module "@codemirror/language" but never used in "src/routes/component-editor/+page.svelte", "src/routes/live-editor/+page.svelte", "src/lib/components/nodes/editor-node.svelte" and "src/lib/components/code-editor.svelte".
✓ 1392 modules transformed.
rendering chunks...
vite v6.3.2 building for production...
transforming...
5:02:27 AM [vite-plugin-svelte] src/routes/code-canvas/+page.svelte:439:2 Unused CSS selector "button"
https://svelte.dev/e/css_unused_selector
437: 
438:   :global(.svelte-flow__controls) {
439:     button {
               ^
440:       background-color: var(--color-background);
441:       border: 1px solid var(--color-border);
5:02:27 AM [vite-plugin-svelte] src/routes/code-canvas/+page.svelte:445:2 Unused CSS selector "button:hover"
https://svelte.dev/e/css_unused_selector
443:     }
444: 
445:     button:hover {
                     ^
446:       background-color: var(--color-muted);
447:     }
5:02:27 AM [vite-plugin-svelte] src/routes/component-editor/+page.svelte:299:1 Unused CSS selector ".terminal-panel .terminal-container"
https://svelte.dev/e/css_unused_selector
297:     overflow-y: auto;
298:   }
299:   .terminal-panel .terminal-container {
                                          ^
300:     width: 100%;
301:     height: 100%;
5:02:27 AM [vite-plugin-svelte] src/routes/live-editor/+page.svelte:299:1 Unused CSS selector ".terminal-panel .terminal-container"
https://svelte.dev/e/css_unused_selector
297:     overflow-y: auto;
298:   }
299:   .terminal-panel .terminal-container {
                                          ^
300:     width: 100%;
301:     height: 100%;
5:02:29 AM [vite-plugin-svelte] src/lib/components/nodes/terminal-node.svelte:22:5 `terminalContainer` is updated, but is not declared with `$state(...)`. Changing its value will not correctly trigger updates
https://svelte.dev/e/non_reactive_update
20:   } = $props();
21: 
22:   let terminalContainer: HTMLDivElement;
                                           ^
23:   let terminal: any;
24:   let shellProcess: any = null;
5:02:29 AM [vite-plugin-svelte] src/lib/components/nodes/terminal-node.svelte:23:5 `terminal` is updated, but is not declared with `$state(...)`. Changing its value will not correctly trigger updates
https://svelte.dev/e/non_reactive_update
21: 
22:   let terminalContainer: HTMLDivElement;
23:   let terminal: any;
                       ^
24:   let shellProcess: any = null;
25:   let fitAddon: any;
5:02:29 AM [vite-plugin-svelte] src/lib/components/nodes/terminal-node.svelte:412:1 Unused CSS selector ".terminal-control-bar"
https://svelte.dev/e/css_unused_selector
410: 
411: <style>
412:   .terminal-control-bar {
                            ^
413:     display: flex;
414:     align-items: center;
5:02:29 AM [vite-plugin-svelte] src/lib/components/nodes/terminal-node.svelte:424:1 Unused CSS selector ".terminal-title"
https://svelte.dev/e/css_unused_selector
422:     user-select: none;
423:   }
424:   .terminal-title {
                      ^
425:     font-weight: 500;
426:     letter-spacing: 0.5px;
5:02:29 AM [vite-plugin-svelte] src/lib/components/nodes/terminal-node.svelte:428:1 Unused CSS selector ".terminal-controls"
https://svelte.dev/e/css_unused_selector
426:     letter-spacing: 0.5px;
427:   }
428:   .terminal-controls {
                         ^
429:     display: flex;
430:     gap: 4px;
5:02:29 AM [vite-plugin-svelte] src/lib/components/nodes/terminal-node.svelte:432:1 Unused CSS selector ".terminal-btn"
https://svelte.dev/e/css_unused_selector
430:     gap: 4px;
431:   }
432:   .terminal-btn {
                    ^
433:     background: none;
434:     border: none;
5:02:29 AM [vite-plugin-svelte] src/lib/components/nodes/terminal-node.svelte:444:1 Unused CSS selector ".terminal-btn:hover"
https://svelte.dev/e/css_unused_selector
442:       color 0.15s;
443:   }
444:   .terminal-btn:hover {
                          ^
445:     background: #333;
446:     color: #fff;
5:02:29 AM [vite-plugin-svelte] src/lib/components/nodes/file-explorer-node.svelte:605:7 Redundant role 'button'
https://svelte.dev/e/a11y_no_redundant_roles
603:                 }
604:               }}
605:               role="button"
                                ^
606:               tabindex="0"
607:               aria-label={`Navigate to ${item.name}`}
src/routes/code-canvas/state.svelte.ts (146:41): A comment

"/* @__PURE__ */"

in "src/routes/code-canvas/state.svelte.ts" contains an annotation that Rollup cannot interpret due to the position of the comment. The comment will be removed to avoid issues.
5:02:33 AM [vite-plugin-svelte] src/lib/components/file-tree-folder.svelte:22:20 This reference only captures the initial value of `initiallyOpen`. Did you mean to reference it inside a closure instead?
https://svelte.dev/e/state_referenced_locally
20:   } = $props()
21: 
22:   let open = $state(initiallyOpen)
                                     ^
23: 
24:   function normalizePath(path: string) {
✓ 1433 modules transformed.
rendering chunks...
computing gzip size...
.svelte-kit/output/client/_app/version.json                                                           0.03 kB │ gzip:   0.05 kB
.svelte-kit/output/client/_app/immutable/assets/jetbrains-mono-greek-400-normal.C190GLew.woff2        4.23 kB
.svelte-kit/output/client/_app/immutable/assets/jetbrains-mono-greek-500-normal.JpySY46c.woff2        4.28 kB
.svelte-kit/output/client/_app/immutable/assets/jetbrains-mono-cyrillic-400-normal.BEIGL1Tu.woff2     5.33 kB
.svelte-kit/output/client/_app/immutable/assets/jetbrains-mono-cyrillic-500-normal.DmUKJPL_.woff2     5.36 kB
.svelte-kit/output/client/_app/immutable/assets/jetbrains-mono-vietnamese-400-normal.CqNFfHCs.woff    5.37 kB
.svelte-kit/output/client/_app/immutable/assets/jetbrains-mono-vietnamese-500-normal.DNRqzVM1.woff    5.48 kB
.svelte-kit/output/client/_app/immutable/assets/jetbrains-mono-greek-400-normal.B9oWc5Lo.woff         5.66 kB
.svelte-kit/output/client/_app/immutable/assets/jetbrains-mono-greek-500-normal.D7SFKleX.woff         5.72 kB
.svelte-kit/output/client/_app/immutable/assets/jetbrains-mono-cyrillic-400-normal.ugxPyKxw.woff      6.98 kB
.svelte-kit/output/client/_app/immutable/assets/jetbrains-mono-cyrillic-500-normal.DJqRU3vO.woff      7.02 kB
.svelte-kit/output/client/_app/immutable/assets/jetbrains-mono-latin-ext-400-normal.Bc8Ftmh3.woff2    7.34 kB
.svelte-kit/output/client/_app/immutable/assets/jetbrains-mono-latin-ext-500-normal.Cut-4mMH.woff2    7.53 kB
.svelte-kit/output/client/_app/immutable/assets/jetbrains-mono-latin-ext-400-normal.fXTG6kC5.woff    10.13 kB
.svelte-kit/output/client/_app/immutable/assets/jetbrains-mono-latin-ext-500-normal.ckzbgY84.woff    10.34 kB
.svelte-kit/output/client/_app/immutable/assets/jetbrains-mono-latin-400-normal.V6pRDFza.woff2       21.17 kB
.svelte-kit/output/client/_app/immutable/assets/jetbrains-mono-latin-500-normal.BWZEU5yA.woff2       21.83 kB
.svelte-kit/output/client/.vite/manifest.json                                                        24.28 kB │ gzip:   2.71 kB
.svelte-kit/output/client/_app/immutable/assets/jetbrains-mono-latin-400-normal.6-qcROiO.woff        27.50 kB
.svelte-kit/output/client/_app/immutable/assets/jetbrains-mono-latin-500-normal.CJOVTJB7.woff        28.21 kB
.svelte-kit/output/client/_app/immutable/assets/8.8sa2G08L.css                                        0.38 kB │ gzip:   0.23 kB
.svelte-kit/output/client/_app/immutable/assets/2.DkJGUcE2.css                                        0.44 kB │ gzip:   0.18 kB
.svelte-kit/output/client/_app/immutable/assets/Terminal.yJfFUbny.css                                 1.21 kB │ gzip:   0.51 kB
.svelte-kit/output/client/_app/immutable/assets/button.B4KIvlY8.css                                   1.48 kB │ gzip:   0.62 kB
.svelte-kit/output/client/_app/immutable/assets/4.BEnJtwrZ.css                                        1.52 kB │ gzip:   0.51 kB
.svelte-kit/output/client/_app/immutable/assets/9.BPnWIHap.css                                        1.53 kB │ gzip:   0.57 kB
.svelte-kit/output/client/_app/immutable/assets/10.C3jKne5N.css                                       1.53 kB │ gzip:   0.57 kB
.svelte-kit/output/client/_app/immutable/assets/xterm.9CEnUXvW.css                                    5.75 kB │ gzip:   1.98 kB
.svelte-kit/output/client/_app/immutable/assets/7.oj9XuHbP.css                                       13.94 kB │ gzip:   2.69 kB
.svelte-kit/output/client/_app/immutable/assets/style.D9k6t2tD.css                                   16.93 kB │ gzip:   2.88 kB
.svelte-kit/output/client/_app/immutable/assets/0.DnQDArox.css                                      186.40 kB │ gzip:  40.33 kB
.svelte-kit/output/client/_app/immutable/chunks/DurxRwSu.js                                           0.04 kB │ gzip:   0.06 kB
.svelte-kit/output/client/_app/immutable/entry/start.Bj_5Nl-E.js                                      0.08 kB │ gzip:   0.09 kB
.svelte-kit/output/client/_app/immutable/chunks/CqkleIqs.js                                           0.12 kB │ gzip:   0.13 kB
.svelte-kit/output/client/_app/immutable/chunks/D0vhAu-2.js                                           0.18 kB │ gzip:   0.14 kB
.svelte-kit/output/client/_app/immutable/chunks/lxBc29Po.js                                           0.29 kB │ gzip:   0.22 kB
.svelte-kit/output/client/_app/immutable/chunks/DJSTxpbW.js                                           0.37 kB │ gzip:   0.27 kB
.svelte-kit/output/client/_app/immutable/nodes/1.Cs5vNcbP.js                                          0.44 kB │ gzip:   0.29 kB
.svelte-kit/output/client/_app/immutable/chunks/DqlrLRsi.js                                           0.45 kB │ gzip:   0.32 kB
.svelte-kit/output/client/_app/immutable/chunks/BrPJ8QfR.js                                           0.47 kB │ gzip:   0.33 kB
.svelte-kit/output/client/_app/immutable/nodes/3.DFVz1TNv.js                                          0.48 kB │ gzip:   0.32 kB
.svelte-kit/output/client/_app/immutable/chunks/CPjM_TP3.js                                           0.52 kB │ gzip:   0.33 kB
.svelte-kit/output/client/_app/immutable/nodes/5.D9q_K372.js                                          0.59 kB │ gzip:   0.36 kB
.svelte-kit/output/client/_app/immutable/chunks/Bb3NAiri.js                                           0.71 kB │ gzip:   0.42 kB
.svelte-kit/output/client/_app/immutable/chunks/BnLvz24D.js                                           0.82 kB │ gzip:   0.50 kB
.svelte-kit/output/client/_app/immutable/chunks/Be9oaHhD.js                                           0.84 kB │ gzip:   0.51 kB
.svelte-kit/output/client/_app/immutable/nodes/6.545oHf9Q.js                                          0.88 kB │ gzip:   0.48 kB
.svelte-kit/output/client/_app/immutable/chunks/Dp1pzeXC.js                                           1.27 kB │ gzip:   0.73 kB
.svelte-kit/output/client/_app/immutable/chunks/Bf0EMEJM.js                                           1.79 kB │ gzip:   0.82 kB
.svelte-kit/output/client/_app/immutable/chunks/BvFjGrnD.js                                           1.95 kB │ gzip:   0.96 kB
.svelte-kit/output/client/_app/immutable/chunks/D-gJQjI9.js                                           2.12 kB │ gzip:   1.14 kB
.svelte-kit/output/client/_app/immutable/chunks/Czq688bx.js                                           2.72 kB │ gzip:   1.36 kB
.svelte-kit/output/client/_app/immutable/chunks/BWjG4lBH.js                                           2.80 kB │ gzip:   1.28 kB
.svelte-kit/output/client/_app/immutable/chunks/CoGLbaRe.js                                           2.96 kB │ gzip:   1.36 kB
.svelte-kit/output/client/_app/immutable/chunks/CQDiCfJC.js                                           2.98 kB │ gzip:   1.45 kB
.svelte-kit/output/client/_app/immutable/chunks/D6EFCJlG.js                                           3.01 kB │ gzip:   1.44 kB
.svelte-kit/output/client/_app/immutable/nodes/9.D-GFfmy9.js                                          3.66 kB │ gzip:   1.73 kB
.svelte-kit/output/client/_app/immutable/nodes/10.KgOKjMBh.js                                         3.66 kB │ gzip:   1.73 kB
.svelte-kit/output/client/_app/immutable/chunks/CeQC4eob.js                                           3.81 kB │ gzip:   1.77 kB
.svelte-kit/output/client/_app/immutable/chunks/s8YA66b4.js                                           4.51 kB │ gzip:   1.94 kB
.svelte-kit/output/client/_app/immutable/chunks/B2I_y725.js                                           5.05 kB │ gzip:   2.01 kB
.svelte-kit/output/client/_app/immutable/chunks/CDOf7Uy6.js                                           6.30 kB │ gzip:   2.21 kB
.svelte-kit/output/client/_app/immutable/chunks/8fTILaWm.js                                           6.95 kB │ gzip:   2.92 kB
.svelte-kit/output/client/_app/immutable/nodes/2.CbOdTGGB.js                                          7.17 kB │ gzip:   2.36 kB
.svelte-kit/output/client/_app/immutable/entry/app.DvQs3cuC.js                                        7.80 kB │ gzip:   3.04 kB
.svelte-kit/output/client/_app/immutable/nodes/8.Bg9g7FDY.js                                          9.55 kB │ gzip:   3.34 kB
.svelte-kit/output/client/_app/immutable/chunks/BgVjIMyB.js                                          11.19 kB │ gzip:   5.04 kB
.svelte-kit/output/client/_app/immutable/chunks/CEueGHUG.js                                          11.68 kB │ gzip:   4.73 kB
.svelte-kit/output/client/_app/immutable/chunks/qRTxsUQG.js                                          25.42 kB │ gzip:   8.10 kB
.svelte-kit/output/client/_app/immutable/chunks/B5jF5wMF.js                                          28.41 kB │ gzip:  10.94 kB
.svelte-kit/output/client/_app/immutable/chunks/7Dl73uNH.js                                          29.48 kB │ gzip:  11.29 kB
.svelte-kit/output/client/_app/immutable/nodes/0.S8yWe_ke.js                                         47.06 kB │ gzip:  13.81 kB
.svelte-kit/output/client/_app/immutable/nodes/7.D49JuDBy.js                                         55.64 kB │ gzip:  17.07 kB
.svelte-kit/output/client/_app/immutable/nodes/11.D2oT3STM.js                                        59.33 kB │ gzip:  18.10 kB
.svelte-kit/output/client/_app/immutable/nodes/4.TsDRh-Nr.js                                         87.81 kB │ gzip:  29.61 kB
.svelte-kit/output/client/_app/immutable/chunks/_XNTQQo2.js                                         111.43 kB │ gzip:  26.00 kB
.svelte-kit/output/client/_app/immutable/chunks/DPjZ2nB4.js                                         164.12 kB │ gzip:  52.92 kB
.svelte-kit/output/client/_app/immutable/chunks/BxxZj11E.js                                         328.00 kB │ gzip:  83.13 kB
.svelte-kit/output/client/_app/immutable/chunks/CAoAwst1.js                                         529.25 kB │ gzip: 181.41 kB

(!) Some chunks are larger than 500 kB after minification. Consider:
- Using dynamic import() to code-split the application
- Use build.rollupOptions.output.manualChunks to improve chunking: https://rollupjs.org/configuration-options/#output-manualchunks
- Adjust chunk size limit for this warning via build.chunkSizeWarningLimit.
✓ built in 15.00s
.svelte-kit/output/server/_app/immutable/assets/jetbrains-mono-greek-400-normal.C190GLew.woff2        4.23 kB
.svelte-kit/output/server/_app/immutable/assets/jetbrains-mono-greek-500-normal.JpySY46c.woff2        4.28 kB
.svelte-kit/output/server/_app/immutable/assets/jetbrains-mono-cyrillic-400-normal.BEIGL1Tu.woff2     5.33 kB
.svelte-kit/output/server/_app/immutable/assets/jetbrains-mono-cyrillic-500-normal.DmUKJPL_.woff2     5.36 kB
.svelte-kit/output/server/_app/immutable/assets/jetbrains-mono-vietnamese-400-normal.CqNFfHCs.woff    5.37 kB
.svelte-kit/output/server/_app/immutable/assets/jetbrains-mono-vietnamese-500-normal.DNRqzVM1.woff    5.48 kB
.svelte-kit/output/server/_app/immutable/assets/jetbrains-mono-greek-400-normal.B9oWc5Lo.woff         5.66 kB
.svelte-kit/output/server/_app/immutable/assets/jetbrains-mono-greek-500-normal.D7SFKleX.woff         5.72 kB
.svelte-kit/output/server/_app/immutable/assets/jetbrains-mono-cyrillic-400-normal.ugxPyKxw.woff      6.98 kB
.svelte-kit/output/server/_app/immutable/assets/jetbrains-mono-cyrillic-500-normal.DJqRU3vO.woff      7.02 kB
.svelte-kit/output/server/_app/immutable/assets/jetbrains-mono-latin-ext-400-normal.Bc8Ftmh3.woff2    7.34 kB
.svelte-kit/output/server/_app/immutable/assets/jetbrains-mono-latin-ext-500-normal.Cut-4mMH.woff2    7.53 kB
.svelte-kit/output/server/_app/immutable/assets/jetbrains-mono-latin-ext-400-normal.fXTG6kC5.woff    10.13 kB
.svelte-kit/output/server/_app/immutable/assets/jetbrains-mono-latin-ext-500-normal.ckzbgY84.woff    10.34 kB
.svelte-kit/output/server/.vite/manifest.json                                                        18.49 kB
.svelte-kit/output/server/_app/immutable/assets/jetbrains-mono-latin-400-normal.V6pRDFza.woff2       21.17 kB
.svelte-kit/output/server/_app/immutable/assets/jetbrains-mono-latin-500-normal.BWZEU5yA.woff2       21.83 kB
.svelte-kit/output/server/_app/immutable/assets/jetbrains-mono-latin-400-normal.6-qcROiO.woff        27.50 kB
.svelte-kit/output/server/_app/immutable/assets/jetbrains-mono-latin-500-normal.CJOVTJB7.woff        28.21 kB
.svelte-kit/output/server/_app/immutable/assets/_page.8sa2G08L.css                                    0.38 kB
.svelte-kit/output/server/_app/immutable/assets/_layout.DkJGUcE2.css                                  0.44 kB
.svelte-kit/output/server/_app/immutable/assets/_page.zzyPEzMf.css                                    0.94 kB
.svelte-kit/output/server/_app/immutable/assets/Terminal.C3qIFV-K.css                                 1.19 kB
.svelte-kit/output/server/_app/immutable/assets/button.B4KIvlY8.css                                   1.48 kB
.svelte-kit/output/server/_app/immutable/assets/_page.BPnWIHap.css                                    1.53 kB
.svelte-kit/output/server/_app/immutable/assets/_page.C3jKne5N.css                                    1.53 kB
.svelte-kit/output/server/_app/immutable/assets/_page.oj9XuHbP.css                                   13.94 kB
.svelte-kit/output/server/_app/immutable/assets/style.D9k6t2tD.css                                   16.93 kB
.svelte-kit/output/server/_app/immutable/assets/_layout.DeArd7RE.css                                186.21 kB
.svelte-kit/output/server/entries/pages/(app)/editor/_page.ts.js                                      0.04 kB
.svelte-kit/output/server/chunks/utils2.js                                                            0.15 kB
.svelte-kit/output/server/entries/hooks.server.js                                                     0.27 kB
.svelte-kit/output/server/entries/pages/_page.svelte.js                                               0.29 kB
.svelte-kit/output/server/chunks/equality.js                                                          0.33 kB
.svelte-kit/output/server/chunks/index-server.js                                                      0.34 kB
.svelte-kit/output/server/entries/fallbacks/error.svelte.js                                           0.35 kB
.svelte-kit/output/server/internal.js                                                                 0.37 kB
.svelte-kit/output/server/chunks/index-server2.js                                                     0.42 kB
.svelte-kit/output/server/entries/pages/(app)/settings/_page.svelte.js                                0.55 kB
.svelte-kit/output/server/chunks/internal.js                                                          0.62 kB
.svelte-kit/output/server/chunks/webcontainerStore.js                                                 0.94 kB
.svelte-kit/output/server/chunks/initialCode.js                                                       1.07 kB
.svelte-kit/output/server/chunks/utils.js                                                             1.09 kB
.svelte-kit/output/server/chunks/index4.js                                                            1.18 kB
.svelte-kit/output/server/chunks/index.js                                                             1.44 kB
.svelte-kit/output/server/entries/pages/canvas/_page.svelte.js                                        1.83 kB
.svelte-kit/output/server/entries/pages/component-editor/_page.svelte.js                              2.25 kB
.svelte-kit/output/server/entries/pages/live-editor/_page.svelte.js                                   2.25 kB
.svelte-kit/output/server/chunks/Background.js                                                        3.41 kB
.svelte-kit/output/server/chunks/internal2.js                                                         3.56 kB
.svelte-kit/output/server/chunks/FileExplorer.js                                                      4.30 kB
.svelte-kit/output/server/chunks/index3.js                                                            5.40 kB
.svelte-kit/output/server/chunks/exports.js                                                           5.54 kB
.svelte-kit/output/server/chunks/Icon.js                                                              6.15 kB
.svelte-kit/output/server/entries/pages/(app)/_layout.svelte.js                                      10.92 kB
.svelte-kit/output/server/entries/pages/code-flow/_page.svelte.js                                    13.54 kB
.svelte-kit/output/server/chunks/uneval.js                                                           16.78 kB
.svelte-kit/output/server/chunks/button.js                                                           20.66 kB
.svelte-kit/output/server/chunks/root.js                                                             26.77 kB
.svelte-kit/output/server/remote-entry.js                                                            36.61 kB
.svelte-kit/output/server/entries/pages/(app)/editor/_page.svelte.js                                 37.32 kB
.svelte-kit/output/server/chunks/index2.js                                                           43.48 kB
.svelte-kit/output/server/entries/pages/code-canvas/_page.svelte.js                                  48.27 kB
.svelte-kit/output/server/chunks/shared.js                                                           54.60 kB
.svelte-kit/output/server/chunks/events.js                                                           63.44 kB
.svelte-kit/output/server/entries/pages/_layout.svelte.js                                            69.57 kB
.svelte-kit/output/server/entries/pages/sidebar-11/_page.svelte.js                                  123.24 kB
.svelte-kit/output/server/index.js                                                                  134.77 kB
.svelte-kit/output/server/chunks/style.js                                                           208.93 kB
✓ built in 34.55s

Run npm run preview to preview your production build locally.

> Using @sveltejs/adapter-vercel
error during build:
Error: Building locally with unsupported Node.js version: v24.13.1. Please use Node 18, 20 or 22 to build your project, or explicitly specify a runtime in your adapter configuration.
    at get_default_runtime (file:///Users/trentbrew/TURTLE/Projects/Sandbox/svelte-wc/app-builder/node_modules/.pnpm/@sveltejs+adapter-vercel@5.7.0_@sveltejs+kit@2.65.1_@sveltejs+vite-plugin-svelte@5.1.1__827acfc800004640c91c3a1f61648c7f/node_modules/@sveltejs/adapter-vercel/index.js:22:10)
    at adapt (file:///Users/trentbrew/TURTLE/Projects/Sandbox/svelte-wc/app-builder/node_modules/.pnpm/@sveltejs+adapter-vercel@5.7.0_@sveltejs+kit@2.65.1_@sveltejs+vite-plugin-svelte@5.1.1__827acfc800004640c91c3a1f61648c7f/node_modules/@sveltejs/adapter-vercel/index.js:233:67)
    at adapt (file:///Users/trentbrew/TURTLE/Projects/Sandbox/svelte-wc/app-builder/node_modules/.pnpm/@sveltejs+kit@2.65.1_@sveltejs+vite-plugin-svelte@5.1.1_svelte@5.56.3_vite@6.3.2_jiti@2_7d69e66bb54d37db6f63360090001f8b/node_modules/@sveltejs/kit/src/core/adapt/index.js:44:8)
    at finalise (file:///Users/trentbrew/TURTLE/Projects/Sandbox/svelte-wc/app-builder/node_modules/.pnpm/@sveltejs+kit@2.65.1_@sveltejs+vite-plugin-svelte@5.1.1_svelte@5.56.3_vite@6.3.2_jiti@2_7d69e66bb54d37db6f63360090001f8b/node_modules/@sveltejs/kit/src/exports/vite/index.js:1559:13)
    at async Object.handler (file:///Users/trentbrew/TURTLE/Projects/Sandbox/svelte-wc/app-builder/node_modules/.pnpm/@sveltejs+kit@2.65.1_@sveltejs+vite-plugin-svelte@5.1.1_svelte@5.56.3_vite@6.3.2_jiti@2_7d69e66bb54d37db6f63360090001f8b/node_modules/@sveltejs/kit/src/exports/vite/index.js:1589:5)
    at async PluginDriver.hookParallel (file:///Users/trentbrew/TURTLE/Projects/Sandbox/svelte-wc/app-builder/node_modules/.pnpm/rollup@4.40.0/node_modules/rollup/dist/es/shared/node-entry.js:22092:17)
    at async Object.close (file:///Users/trentbrew/TURTLE/Projects/Sandbox/svelte-wc/app-builder/node_modules/.pnpm/rollup@4.40.0/node_modules/rollup/dist/es/shared/node-entry.js:23101:13)
    at async buildEnvironment (file:///Users/trentbrew/TURTLE/Projects/Sandbox/svelte-wc/app-builder/node_modules/.pnpm/vite@6.3.2_jiti@2.4.2_lightningcss@1.30.1_yaml@2.7.1/node_modules/vite/dist/node/chunks/dep-DG3BLbPj.js:46162:17)
    at async Object.defaultBuildApp [as buildApp] (file:///Users/trentbrew/TURTLE/Projects/Sandbox/svelte-wc/app-builder/node_modules/.pnpm/vite@6.3.2_jiti@2.4.2_lightningcss@1.30.1_yaml@2.7.1/node_modules/vite/dist/node/chunks/dep-DG3BLbPj.js:46617:5)
    at async CAC.<anonymous> (file:///Users/trentbrew/TURTLE/Projects/Sandbox/svelte-wc/app-builder/node_modules/.pnpm/vite@6.3.2_jiti@2.4.2_lightningcss@1.30.1_yaml@2.7.1/node_modules/vite/dist/node/cli.js:863:7)
