[     432ms] [ERROR] Failed to load resource: the server responded with a status of 404 (Not Found) @ http://localhost:9898/api/sandbox/58d1abba/files?path=%2Fwelcome.md:0
[     436ms] [ERROR] Failed to load resource: the server responded with a status of 404 (Not Found) @ http://localhost:9898/api/sandbox/58d1abba/files?path=%2Fwelcome.md:0
[     479ms] [ERROR] Failed to load resource: the server responded with a status of 404 (Not Found) @ http://localhost:9898/main.js:0
[   83581ms] [ERROR] Failed to load resource: the server responded with a status of 404 (Not Found) @ http://localhost:9898/api/sandbox/58d1abba/files?path=%2Fwelcome.md:0
[  119394ms] [ERROR] Failed to load resource: the server responded with a status of 404 (Not Found) @ http://localhost:9898/api/sandbox/58d1abba/files?path=%2Fwelcome.md:0
[  119607ms] [ERROR] Failed to load resource: the server responded with a status of 404 (Not Found) @ http://localhost:9898/api/sandbox/58d1abba/files?path=%2Fwelcome.md:0
[  121318ms] [ERROR] Failed to load resource: the server responded with a status of 404 (Not Found) @ http://localhost:9898/api/sandbox/58d1abba/files?path=%2Fwelcome.md:0
[  121365ms] [ERROR] Failed to load resource: the server responded with a status of 404 (Not Found) @ http://localhost:9898/main.js:0
[  121604ms] [ERROR] Failed to load resource: the server responded with a status of 404 (Not Found) @ http://localhost:9898/api/sandbox/58d1abba/files?path=%2Fwelcome.md:0
[  122751ms] [ERROR] Failed to load resource: the server responded with a status of 404 (Not Found) @ http://localhost:9898/api/sandbox/58d1abba/files?path=%2Fwelcome.md:0
[  122753ms] [ERROR] Failed to load resource: the server responded with a status of 404 (Not Found) @ http://localhost:9898/api/sandbox/58d1abba/files?path=%2Fwelcome.md:0
[  123139ms] [ERROR] Failed to load resource: the server responded with a status of 404 (Not Found) @ http://localhost:9898/main.js:0
[  124298ms] [ERROR] Failed to load resource: the server responded with a status of 404 (Not Found) @ http://localhost:9898/api/sandbox/58d1abba/files?path=%2Fwelcome.md:0
[  124347ms] [ERROR] Failed to load resource: the server responded with a status of 404 (Not Found) @ http://localhost:9898/api/sandbox/58d1abba/files?path=%2Fwelcome.md:0
[  125719ms] [ERROR] Failed to load resource: the server responded with a status of 404 (Not Found) @ http://localhost:9898/api/sandbox/58d1abba/files?path=%2Fwelcome.md:0
[  125739ms] [ERROR] Failed to load resource: the server responded with a status of 404 (Not Found) @ http://localhost:9898/api/sandbox/58d1abba/files?path=%2Fwelcome.md:0
[  127309ms] [ERROR] Failed to load resource: the server responded with a status of 404 (Not Found) @ http://localhost:9898/api/sandbox/58d1abba/files?path=%2Fwelcome.md:0
[  127316ms] [ERROR] Failed to load resource: the server responded with a status of 404 (Not Found) @ http://localhost:9898/api/sandbox/58d1abba/files?path=%2Fwelcome.md:0
[  129489ms] [ERROR] Failed to load resource: the server responded with a status of 404 (Not Found) @ http://localhost:9898/api/sandbox/58d1abba/files?path=%2Fwelcome.md:0
[  129769ms] [ERROR] Failed to load resource: the server responded with a status of 404 (Not Found) @ http://localhost:9898/api/sandbox/58d1abba/files?path=%2Fwelcome.md:0
[  131367ms] [ERROR] Failed to load resource: the server responded with a status of 404 (Not Found) @ http://localhost:9898/api/sandbox/58d1abba/files?path=%2Fwelcome.md:0
[  131634ms] [ERROR] Failed to load resource: the server responded with a status of 404 (Not Found) @ http://localhost:9898/api/sandbox/58d1abba/files?path=%2Fwelcome.md:0
[  133070ms] [ERROR] Failed to load resource: the server responded with a status of 404 (Not Found) @ http://localhost:9898/api/sandbox/58d1abba/files?path=%2Fwelcome.md:0
[  133111ms] [ERROR] Failed to load resource: the server responded with a status of 404 (Not Found) @ http://localhost:9898/api/sandbox/58d1abba/files?path=%2Fwelcome.md:0
[  134449ms] [ERROR] Failed to load resource: the server responded with a status of 404 (Not Found) @ http://localhost:9898/api/sandbox/58d1abba/files?path=%2Fwelcome.md:0
[  134460ms] [ERROR] Failed to load resource: the server responded with a status of 404 (Not Found) @ http://localhost:9898/api/sandbox/58d1abba/files?path=%2Fwelcome.md:0
[  135708ms] [ERROR] Failed to load resource: the server responded with a status of 404 (Not Found) @ http://localhost:9898/api/sandbox/58d1abba/files?path=%2Fwelcome.md:0
[  135713ms] [ERROR] Failed to load resource: the server responded with a status of 404 (Not Found) @ http://localhost:9898/api/sandbox/58d1abba/files?path=%2Fwelcome.md:0
[  135734ms] [ERROR] Failed to load resource: the server responded with a status of 404 (Not Found) @ http://localhost:9898/main.js:0
[  138023ms] [ERROR] Failed to load resource: the server responded with a status of 404 (Not Found) @ http://localhost:9898/api/sandbox/58d1abba/files?path=%2Fwelcome.md:0
[  138023ms] [ERROR] Failed to load resource: the server responded with a status of 404 (Not Found) @ http://localhost:9898/api/sandbox/58d1abba/files?path=%2Fwelcome.md:0
[  138117ms] [ERROR] Failed to load resource: the server responded with a status of 404 (Not Found) @ http://localhost:9898/main.js:0
[  139486ms] [ERROR] Failed to load resource: the server responded with a status of 404 (Not Found) @ http://localhost:9898/api/sandbox/58d1abba/files?path=%2Fwelcome.md:0
[  139553ms] [ERROR] Failed to load resource: the server responded with a status of 404 (Not Found) @ http://localhost:9898/api/sandbox/58d1abba/files?path=%2Fwelcome.md:0
[  141954ms] [ERROR] Failed to load resource: the server responded with a status of 404 (Not Found) @ http://localhost:9898/api/sandbox/58d1abba/files?path=%2Fwelcome.md:0
[  141970ms] [ERROR] Failed to load resource: the server responded with a status of 404 (Not Found) @ http://localhost:9898/api/sandbox/58d1abba/files?path=%2Fwelcome.md:0
[  143292ms] [ERROR] Failed to load resource: the server responded with a status of 404 (Not Found) @ http://localhost:9898/api/sandbox/58d1abba/files?path=%2Fwelcome.md:0
[  143299ms] [ERROR] Failed to load resource: the server responded with a status of 404 (Not Found) @ http://localhost:9898/api/sandbox/58d1abba/files?path=%2Fwelcome.md:0
[  143313ms] [ERROR] Failed to load resource: the server responded with a status of 404 (Not Found) @ http://localhost:9898/main.js:0
[  145186ms] [ERROR] Failed to load resource: the server responded with a status of 404 (Not Found) @ http://localhost:9898/api/sandbox/58d1abba/files?path=%2Fwelcome.md:0
[  145194ms] [ERROR] Failed to load resource: the server responded with a status of 404 (Not Found) @ http://localhost:9898/api/sandbox/58d1abba/files?path=%2Fwelcome.md:0
[  146891ms] [ERROR] Failed to load resource: the server responded with a status of 404 (Not Found) @ http://localhost:9898/api/sandbox/58d1abba/files?path=%2Fwelcome.md:0
[  146893ms] [ERROR] Failed to load resource: the server responded with a status of 404 (Not Found) @ http://localhost:9898/api/sandbox/58d1abba/files?path=%2Fwelcome.md:0
[  149025ms] [ERROR] Failed to load resource: the server responded with a status of 404 (Not Found) @ http://localhost:9898/api/sandbox/58d1abba/files?path=%2Fwelcome.md:0
[  149046ms] [ERROR] Failed to load resource: the server responded with a status of 404 (Not Found) @ http://localhost:9898/api/sandbox/58d1abba/files?path=%2Fwelcome.md:0
[  151261ms] [ERROR] Failed to load resource: the server responded with a status of 404 (Not Found) @ http://localhost:9898/api/sandbox/58d1abba/files?path=%2Fwelcome.md:0
[  151278ms] [ERROR] Failed to load resource: the server responded with a status of 404 (Not Found) @ http://localhost:9898/api/sandbox/58d1abba/files?path=%2Fwelcome.md:0
[  153283ms] [ERROR] Failed to load resource: the server responded with a status of 404 (Not Found) @ http://localhost:9898/api/sandbox/58d1abba/files?path=%2Fwelcome.md:0
[  153374ms] [ERROR] Failed to load resource: the server responded with a status of 404 (Not Found) @ http://localhost:9898/api/sandbox/58d1abba/files?path=%2Fwelcome.md:0
[  155258ms] [ERROR] Failed to load resource: the server responded with a status of 404 (Not Found) @ http://localhost:9898/api/sandbox/58d1abba/files?path=%2Fwelcome.md:0
[  155259ms] [ERROR] Failed to load resource: the server responded with a status of 404 (Not Found) @ http://localhost:9898/api/sandbox/58d1abba/files?path=%2Fwelcome.md:0
[  157082ms] [ERROR] Failed to load resource: the server responded with a status of 404 (Not Found) @ http://localhost:9898/api/sandbox/58d1abba/files?path=%2Fwelcome.md:0
[  157141ms] [ERROR] Failed to load resource: the server responded with a status of 404 (Not Found) @ http://localhost:9898/api/sandbox/58d1abba/files?path=%2Fwelcome.md:0
[  158702ms] [ERROR] Failed to load resource: the server responded with a status of 404 (Not Found) @ http://localhost:9898/api/sandbox/58d1abba/files?path=%2Fwelcome.md:0
[  158730ms] [ERROR] Failed to load resource: the server responded with a status of 404 (Not Found) @ http://localhost:9898/api/sandbox/58d1abba/files?path=%2Fwelcome.md:0
[  160125ms] [ERROR] Failed to load resource: the server responded with a status of 404 (Not Found) @ http://localhost:9898/api/sandbox/58d1abba/files?path=%2Fwelcome.md:0
[  160132ms] [ERROR] Failed to load resource: the server responded with a status of 404 (Not Found) @ http://localhost:9898/api/sandbox/58d1abba/files?path=%2Fwelcome.md:0
[  161705ms] [ERROR] Failed to load resource: the server responded with a status of 404 (Not Found) @ http://localhost:9898/api/sandbox/58d1abba/files?path=%2Fwelcome.md:0
[  161832ms] [ERROR] Failed to load resource: the server responded with a status of 404 (Not Found) @ http://localhost:9898/api/sandbox/58d1abba/files?path=%2Fwelcome.md:0
[  163809ms] [ERROR] Failed to load resource: the server responded with a status of 404 (Not Found) @ http://localhost:9898/api/sandbox/58d1abba/files?path=%2Fwelcome.md:0
[  163842ms] [ERROR] Failed to load resource: the server responded with a status of 404 (Not Found) @ http://localhost:9898/api/sandbox/58d1abba/files?path=%2Fwelcome.md:0
[  165396ms] [ERROR] Failed to load resource: the server responded with a status of 404 (Not Found) @ http://localhost:9898/api/sandbox/58d1abba/files?path=%2Fwelcome.md:0
[  165450ms] [ERROR] Failed to load resource: the server responded with a status of 404 (Not Found) @ http://localhost:9898/api/sandbox/58d1abba/files?path=%2Fwelcome.md:0
[  167608ms] [ERROR] Failed to load resource: the server responded with a status of 404 (Not Found) @ http://localhost:9898/api/sandbox/58d1abba/files?path=%2Fwelcome.md:0
[  167637ms] [ERROR] Failed to load resource: the server responded with a status of 404 (Not Found) @ http://localhost:9898/api/sandbox/58d1abba/files?path=%2Fwelcome.md:0
[  169123ms] [ERROR] Failed to load resource: the server responded with a status of 404 (Not Found) @ http://localhost:9898/api/sandbox/58d1abba/files?path=%2Fwelcome.md:0
[  169124ms] [ERROR] Failed to load resource: the server responded with a status of 404 (Not Found) @ http://localhost:9898/api/sandbox/58d1abba/files?path=%2Fwelcome.md:0
[  171070ms] [ERROR] Failed to load resource: the server responded with a status of 404 (Not Found) @ http://localhost:9898/api/sandbox/58d1abba/files?path=%2Fwelcome.md:0
[  171116ms] [ERROR] Failed to load resource: the server responded with a status of 404 (Not Found) @ http://localhost:9898/api/sandbox/58d1abba/files?path=%2Fwelcome.md:0
[  173116ms] [ERROR] Failed to load resource: the server responded with a status of 404 (Not Found) @ http://localhost:9898/api/sandbox/58d1abba/files?path=%2Fwelcome.md:0
[  173131ms] [ERROR] Failed to load resource: the server responded with a status of 404 (Not Found) @ http://localhost:9898/api/sandbox/58d1abba/files?path=%2Fwelcome.md:0
[  175218ms] [ERROR] Failed to load resource: the server responded with a status of 404 (Not Found) @ http://localhost:9898/api/sandbox/58d1abba/files?path=%2Fwelcome.md:0
[  176653ms] [ERROR] Failed to load resource: the server responded with a status of 404 (Not Found) @ http://localhost:9898/api/sandbox/58d1abba/files?path=%2Fwelcome.md:0
[  176673ms] [ERROR] Failed to load resource: the server responded with a status of 404 (Not Found) @ http://localhost:9898/api/sandbox/58d1abba/files?path=%2Fwelcome.md:0
[  178243ms] [ERROR] Failed to load resource: the server responded with a status of 404 (Not Found) @ http://localhost:9898/api/sandbox/58d1abba/files?path=%2Fwelcome.md:0
[  178244ms] [ERROR] Failed to load resource: the server responded with a status of 404 (Not Found) @ http://localhost:9898/api/sandbox/58d1abba/files?path=%2Fwelcome.md:0
[  178429ms] [ERROR] Failed to load resource: the server responded with a status of 404 (Not Found) @ http://localhost:9898/main.js:0
[  179738ms] [ERROR] Failed to load resource: the server responded with a status of 404 (Not Found) @ http://localhost:9898/api/sandbox/58d1abba/files?path=%2Fwelcome.md:0
[  179784ms] [ERROR] Failed to load resource: the server responded with a status of 404 (Not Found) @ http://localhost:9898/api/sandbox/58d1abba/files?path=%2Fwelcome.md:0
[  181219ms] [ERROR] Failed to load resource: the server responded with a status of 404 (Not Found) @ http://localhost:9898/api/sandbox/58d1abba/files?path=%2Fwelcome.md:0
[  181240ms] [ERROR] Failed to load resource: the server responded with a status of 404 (Not Found) @ http://localhost:9898/api/sandbox/58d1abba/files?path=%2Fwelcome.md:0
[  182518ms] [ERROR] Failed to load resource: the server responded with a status of 404 (Not Found) @ http://localhost:9898/api/sandbox/58d1abba/files?path=%2Fwelcome.md:0
[  182541ms] [ERROR] Failed to load resource: the server responded with a status of 404 (Not Found) @ http://localhost:9898/api/sandbox/58d1abba/files?path=%2Fwelcome.md:0
[  183793ms] [ERROR] Failed to load resource: the server responded with a status of 404 (Not Found) @ http://localhost:9898/api/sandbox/58d1abba/files?path=%2Fwelcome.md:0
[  183849ms] [ERROR] Failed to load resource: the server responded with a status of 404 (Not Found) @ http://localhost:9898/api/sandbox/58d1abba/files?path=%2Fwelcome.md:0
[  184738ms] [ERROR] Failed to load resource: the server responded with a status of 404 (Not Found) @ http://localhost:9898/api/sandbox/58d1abba/files?path=%2Fwelcome.md:0
[  184815ms] [ERROR] Failed to load resource: the server responded with a status of 404 (Not Found) @ http://localhost:9898/api/sandbox/58d1abba/files?path=%2Fwelcome.md:0
[  184830ms] [ERROR] Failed to load resource: the server responded with a status of 404 (Not Found) @ http://localhost:9898/main.js:0
[  185686ms] [ERROR] Failed to load resource: the server responded with a status of 404 (Not Found) @ http://localhost:9898/api/sandbox/58d1abba/files?path=%2Fwelcome.md:0
[  185696ms] [ERROR] Failed to load resource: the server responded with a status of 404 (Not Found) @ http://localhost:9898/api/sandbox/58d1abba/files?path=%2Fwelcome.md:0
[  185747ms] [ERROR] Failed to load resource: the server responded with a status of 404 (Not Found) @ http://localhost:9898/main.js:0
[  187230ms] [ERROR] Failed to load resource: the server responded with a status of 404 (Not Found) @ http://localhost:9898/api/sandbox/58d1abba/files?path=%2Fwelcome.md:0
[  187274ms] [ERROR] Failed to load resource: the server responded with a status of 404 (Not Found) @ http://localhost:9898/api/sandbox/58d1abba/files?path=%2Fwelcome.md:0
[  187291ms] [ERROR] Failed to load resource: the server responded with a status of 404 (Not Found) @ http://localhost:9898/main.js:0
[  188316ms] [ERROR] Failed to load resource: the server responded with a status of 404 (Not Found) @ http://localhost:9898/api/sandbox/58d1abba/files?path=%2Fwelcome.md:0
[  188331ms] [ERROR] Failed to load resource: the server responded with a status of 404 (Not Found) @ http://localhost:9898/api/sandbox/58d1abba/files?path=%2Fwelcome.md:0
[  188394ms] [ERROR] Failed to load resource: the server responded with a status of 404 (Not Found) @ http://localhost:9898/main.js:0
[  188944ms] [ERROR] Failed to load resource: the server responded with a status of 404 (Not Found) @ http://localhost:9898/api/sandbox/58d1abba/files?path=%2Fwelcome.md:0
[  188996ms] [ERROR] Failed to load resource: the server responded with a status of 404 (Not Found) @ http://localhost:9898/api/sandbox/58d1abba/files?path=%2Fwelcome.md:0
[  190126ms] [ERROR] Failed to load resource: the server responded with a status of 404 (Not Found) @ http://localhost:9898/api/sandbox/58d1abba/files?path=%2Fwelcome.md:0
[  190126ms] [ERROR] Failed to load resource: the server responded with a status of 404 (Not Found) @ http://localhost:9898/api/sandbox/58d1abba/files?path=%2Fwelcome.md:0
[  190988ms] [ERROR] Failed to load resource: the server responded with a status of 404 (Not Found) @ http://localhost:9898/api/sandbox/58d1abba/files?path=%2Fwelcome.md:0
[  191012ms] [ERROR] Failed to load resource: the server responded with a status of 404 (Not Found) @ http://localhost:9898/api/sandbox/58d1abba/files?path=%2Fwelcome.md:0
[  192301ms] [ERROR] Failed to load resource: the server responded with a status of 404 (Not Found) @ http://localhost:9898/api/sandbox/58d1abba/files?path=%2Fwelcome.md:0
[  192302ms] [ERROR] Failed to load resource: the server responded with a status of 404 (Not Found) @ http://localhost:9898/api/sandbox/58d1abba/files?path=%2Fwelcome.md:0
[  193671ms] [ERROR] Failed to load resource: the server responded with a status of 404 (Not Found) @ http://localhost:9898/api/sandbox/58d1abba/files?path=%2Fwelcome.md:0
[  193701ms] [ERROR] Failed to load resource: the server responded with a status of 404 (Not Found) @ http://localhost:9898/api/sandbox/58d1abba/files?path=%2Fwelcome.md:0
[  194481ms] [ERROR] Failed to load resource: the server responded with a status of 404 (Not Found) @ http://localhost:9898/api/sandbox/58d1abba/files?path=%2Fwelcome.md:0
[  195731ms] [ERROR] Failed to load resource: the server responded with a status of 404 (Not Found) @ http://localhost:9898/api/sandbox/58d1abba/files?path=%2Fwelcome.md:0
[  195755ms] [ERROR] Failed to load resource: the server responded with a status of 404 (Not Found) @ http://localhost:9898/api/sandbox/58d1abba/files?path=%2Fwelcome.md:0
[  196947ms] [ERROR] Failed to load resource: the server responded with a status of 404 (Not Found) @ http://localhost:9898/api/sandbox/58d1abba/files?path=%2Fwelcome.md:0
[  197087ms] [ERROR] Failed to load resource: the server responded with a status of 404 (Not Found) @ http://localhost:9898/api/sandbox/58d1abba/files?path=%2Fwelcome.md:0
[  197156ms] [ERROR] Failed to load resource: the server responded with a status of 404 (Not Found) @ http://localhost:9898/main.js:0
[  197815ms] [ERROR] Failed to load resource: the server responded with a status of 404 (Not Found) @ http://localhost:9898/api/sandbox/58d1abba/files?path=%2Fwelcome.md:0
[  197849ms] [ERROR] Failed to load resource: the server responded with a status of 404 (Not Found) @ http://localhost:9898/api/sandbox/58d1abba/files?path=%2Fwelcome.md:0
[  198184ms] [ERROR] Failed to load resource: the server responded with a status of 404 (Not Found) @ http://localhost:9898/main.js:0
[  198914ms] [ERROR] Failed to load resource: the server responded with a status of 404 (Not Found) @ http://localhost:9898/api/sandbox/58d1abba/files?path=%2Fwelcome.md:0
[  198938ms] [ERROR] Failed to load resource: the server responded with a status of 404 (Not Found) @ http://localhost:9898/api/sandbox/58d1abba/files?path=%2Fwelcome.md:0
[  198964ms] [ERROR] Failed to load resource: the server responded with a status of 404 (Not Found) @ http://localhost:9898/main.js:0
[  199663ms] [ERROR] Failed to load resource: the server responded with a status of 404 (Not Found) @ http://localhost:9898/api/sandbox/58d1abba/files?path=%2Fwelcome.md:0
[  199706ms] [ERROR] Failed to load resource: the server responded with a status of 404 (Not Found) @ http://localhost:9898/api/sandbox/58d1abba/files?path=%2Fwelcome.md:0
[  200654ms] [ERROR] Failed to load resource: the server responded with a status of 404 (Not Found) @ http://localhost:9898/api/sandbox/58d1abba/files?path=%2Fwelcome.md:0
[  200659ms] [ERROR] Failed to load resource: the server responded with a status of 404 (Not Found) @ http://localhost:9898/api/sandbox/58d1abba/files?path=%2Fwelcome.md:0
[  202135ms] [ERROR] Failed to load resource: the server responded with a status of 404 (Not Found) @ http://localhost:9898/api/sandbox/58d1abba/files?path=%2Fwelcome.md:0
[  202179ms] [ERROR] Failed to load resource: the server responded with a status of 404 (Not Found) @ http://localhost:9898/api/sandbox/58d1abba/files?path=%2Fwelcome.md:0
[  203580ms] [ERROR] Failed to load resource: the server responded with a status of 404 (Not Found) @ http://localhost:9898/api/sandbox/58d1abba/files?path=%2Fwelcome.md:0
[  203733ms] [ERROR] Failed to load resource: the server responded with a status of 404 (Not Found) @ http://localhost:9898/api/sandbox/58d1abba/files?path=%2Fwelcome.md:0
[  205254ms] [ERROR] Failed to load resource: the server responded with a status of 404 (Not Found) @ http://localhost:9898/api/sandbox/58d1abba/files?path=%2Fwelcome.md:0
[  205255ms] [ERROR] Failed to load resource: the server responded with a status of 404 (Not Found) @ http://localhost:9898/api/sandbox/58d1abba/files?path=%2Fwelcome.md:0
[  205289ms] [ERROR] Failed to load resource: the server responded with a status of 404 (Not Found) @ http://localhost:9898/main.js:0
[  206355ms] [ERROR] Failed to load resource: the server responded with a status of 404 (Not Found) @ http://localhost:9898/api/sandbox/58d1abba/files?path=%2Fwelcome.md:0
[  206378ms] [ERROR] Failed to load resource: the server responded with a status of 404 (Not Found) @ http://localhost:9898/api/sandbox/58d1abba/files?path=%2Fwelcome.md:0
[  206442ms] [ERROR] Failed to load resource: the server responded with a status of 404 (Not Found) @ http://localhost:9898/main.js:0
[  207559ms] [ERROR] Failed to load resource: the server responded with a status of 404 (Not Found) @ http://localhost:9898/api/sandbox/58d1abba/files?path=%2Fwelcome.md:0
[  207586ms] [ERROR] Failed to load resource: the server responded with a status of 404 (Not Found) @ http://localhost:9898/api/sandbox/58d1abba/files?path=%2Fwelcome.md:0
[  209509ms] [ERROR] Failed to load resource: the server responded with a status of 404 (Not Found) @ http://localhost:9898/api/sandbox/58d1abba/files?path=%2Fwelcome.md:0
[  209620ms] [ERROR] Failed to load resource: the server responded with a status of 404 (Not Found) @ http://localhost:9898/api/sandbox/58d1abba/files?path=%2Fwelcome.md:0
[  210600ms] [ERROR] Failed to load resource: the server responded with a status of 404 (Not Found) @ http://localhost:9898/api/sandbox/58d1abba/files?path=%2Fwelcome.md:0
[  210627ms] [ERROR] Failed to load resource: the server responded with a status of 404 (Not Found) @ http://localhost:9898/api/sandbox/58d1abba/files?path=%2Fwelcome.md:0
[  212009ms] [ERROR] Failed to load resource: the server responded with a status of 404 (Not Found) @ http://localhost:9898/api/sandbox/58d1abba/files?path=%2Fwelcome.md:0
[  212035ms] [ERROR] Failed to load resource: the server responded with a status of 404 (Not Found) @ http://localhost:9898/api/sandbox/58d1abba/files?path=%2Fwelcome.md:0
