[    3575ms] [ERROR] Failed to load resource: the server responded with a status of 404 (Not Found) @ http://localhost:9898/api/sandbox/58d1abba/files?path=%2Fwelcome.md:0
[    3636ms] [ERROR] Failed to load resource: the server responded with a status of 404 (Not Found) @ http://localhost:9898/api/sandbox/58d1abba/files?path=%2Fwelcome.md:0
[    4298ms] [ERROR] Failed to load resource: the server responded with a status of 404 (Not Found) @ http://localhost:9898/main.js:0
[   27390ms] [ERROR] Failed to load resource: the server responded with a status of 404 (Not Found) @ http://localhost:9898/api/sandbox/58d1abba/files?path=%2Fwelcome.md:0
[  480077ms] [ERROR] Failed to load resource: the server responded with a status of 404 (Not Found) @ http://localhost:9898/api/sandbox/58d1abba/files?path=%2Fwelcome.md:0
[  481043ms] [ERROR] Failed to load resource: the server responded with a status of 404 (Not Found) @ http://localhost:9898/api/sandbox/58d1abba/files?path=%2Fwelcome.md:0
[  482173ms] [ERROR] Failed to load resource: the server responded with a status of 404 (Not Found) @ http://localhost:9898/api/sandbox/58d1abba/files?path=%2Fwelcome.md:0
[  945892ms] [ERROR] Failed to load resource: the server responded with a status of 404 (Not Found) @ http://localhost:9898/main.js:0
[  947592ms] [ERROR] Failed to load resource: the server responded with a status of 404 (Not Found) @ http://localhost:9898/main.js:0
[  949250ms] [ERROR] Failed to load resource: the server responded with a status of 404 (Not Found) @ http://localhost:9898/main.js:0
[  950668ms] [ERROR] Failed to load resource: the server responded with a status of 404 (Not Found) @ http://localhost:9898/main.js:0
[  952185ms] [ERROR] Failed to load resource: the server responded with a status of 404 (Not Found) @ http://localhost:9898/main.js:0
[  954462ms] [ERROR] Failed to load resource: the server responded with a status of 404 (Not Found) @ http://localhost:9898/main.js:0
[  956427ms] [ERROR] Failed to load resource: the server responded with a status of 404 (Not Found) @ http://localhost:9898/main.js:0
[  958475ms] [ERROR] Failed to load resource: the server responded with a status of 404 (Not Found) @ http://localhost:9898/main.js:0
[  960599ms] [ERROR] Failed to load resource: the server responded with a status of 404 (Not Found) @ http://localhost:9898/main.js:0
[  962321ms] [ERROR] Failed to load resource: the server responded with a status of 404 (Not Found) @ http://localhost:9898/main.js:0
[  964466ms] [ERROR] Failed to load resource: the server responded with a status of 404 (Not Found) @ http://localhost:9898/main.js:0
[  966329ms] [ERROR] Failed to load resource: the server responded with a status of 404 (Not Found) @ http://localhost:9898/main.js:0
[  967964ms] [ERROR] Failed to load resource: the server responded with a status of 404 (Not Found) @ http://localhost:9898/main.js:0
[  969927ms] [ERROR] Failed to load resource: the server responded with a status of 404 (Not Found) @ http://localhost:9898/main.js:0
[  971547ms] [ERROR] Failed to load resource: the server responded with a status of 404 (Not Found) @ http://localhost:9898/main.js:0
[  973436ms] [ERROR] Failed to load resource: the server responded with a status of 404 (Not Found) @ http://localhost:9898/main.js:0
[  975371ms] [ERROR] Failed to load resource: the server responded with a status of 404 (Not Found) @ http://localhost:9898/main.js:0
[  976919ms] [ERROR] Failed to load resource: the server responded with a status of 404 (Not Found) @ http://localhost:9898/main.js:0
[  978529ms] [ERROR] Failed to load resource: the server responded with a status of 404 (Not Found) @ http://localhost:9898/main.js:0
[  980232ms] [ERROR] Failed to load resource: the server responded with a status of 404 (Not Found) @ http://localhost:9898/main.js:0
[  981760ms] [ERROR] Failed to load resource: the server responded with a status of 404 (Not Found) @ http://localhost:9898/main.js:0
[  983146ms] [ERROR] Failed to load resource: the server responded with a status of 404 (Not Found) @ http://localhost:9898/main.js:0
[  985071ms] [ERROR] Failed to load resource: the server responded with a status of 404 (Not Found) @ http://localhost:9898/main.js:0
[  986664ms] [ERROR] Failed to load resource: the server responded with a status of 404 (Not Found) @ http://localhost:9898/main.js:0
[  988181ms] [ERROR] Failed to load resource: the server responded with a status of 404 (Not Found) @ http://localhost:9898/main.js:0
[  990075ms] [ERROR] Failed to load resource: the server responded with a status of 404 (Not Found) @ http://localhost:9898/main.js:0
[  991532ms] [ERROR] Failed to load resource: the server responded with a status of 404 (Not Found) @ http://localhost:9898/main.js:0
[  993116ms] [ERROR] Failed to load resource: the server responded with a status of 404 (Not Found) @ http://localhost:9898/main.js:0
[  994937ms] [ERROR] Failed to load resource: the server responded with a status of 404 (Not Found) @ http://localhost:9898/main.js:0
[  996401ms] [ERROR] Failed to load resource: the server responded with a status of 404 (Not Found) @ http://localhost:9898/main.js:0
[  997926ms] [ERROR] Failed to load resource: the server responded with a status of 404 (Not Found) @ http://localhost:9898/main.js:0
[  999824ms] [ERROR] Failed to load resource: the server responded with a status of 404 (Not Found) @ http://localhost:9898/main.js:0
[ 1001627ms] [ERROR] Failed to load resource: the server responded with a status of 404 (Not Found) @ http://localhost:9898/main.js:0
[ 1003172ms] [ERROR] Failed to load resource: the server responded with a status of 404 (Not Found) @ http://localhost:9898/main.js:0
[ 1004815ms] [ERROR] Failed to load resource: the server responded with a status of 404 (Not Found) @ http://localhost:9898/main.js:0
[ 1006472ms] [ERROR] Failed to load resource: the server responded with a status of 404 (Not Found) @ http://localhost:9898/main.js:0
[ 1008032ms] [ERROR] Failed to load resource: the server responded with a status of 404 (Not Found) @ http://localhost:9898/main.js:0
[ 1009920ms] [ERROR] Failed to load resource: the server responded with a status of 404 (Not Found) @ http://localhost:9898/main.js:0
[ 1011330ms] [ERROR] Failed to load resource: the server responded with a status of 404 (Not Found) @ http://localhost:9898/main.js:0
[ 1012809ms] [ERROR] Failed to load resource: the server responded with a status of 404 (Not Found) @ http://localhost:9898/main.js:0
[ 1014680ms] [ERROR] Failed to load resource: the server responded with a status of 404 (Not Found) @ http://localhost:9898/main.js:0
[ 1016554ms] [ERROR] Failed to load resource: the server responded with a status of 404 (Not Found) @ http://localhost:9898/main.js:0
[ 1018217ms] [ERROR] Failed to load resource: the server responded with a status of 404 (Not Found) @ http://localhost:9898/main.js:0
[ 1019919ms] [ERROR] Failed to load resource: the server responded with a status of 404 (Not Found) @ http://localhost:9898/main.js:0
[ 1021488ms] [ERROR] Failed to load resource: the server responded with a status of 404 (Not Found) @ http://localhost:9898/main.js:0
[ 1023075ms] [ERROR] Failed to load resource: the server responded with a status of 404 (Not Found) @ http://localhost:9898/main.js:0
[ 1025170ms] [ERROR] Failed to load resource: the server responded with a status of 404 (Not Found) @ http://localhost:9898/main.js:0
[ 1026729ms] [ERROR] Failed to load resource: the server responded with a status of 404 (Not Found) @ http://localhost:9898/main.js:0
[ 1028494ms] [ERROR] Failed to load resource: the server responded with a status of 404 (Not Found) @ http://localhost:9898/main.js:0
[ 1030808ms] [ERROR] Failed to load resource: the server responded with a status of 404 (Not Found) @ http://localhost:9898/main.js:0
[ 1032423ms] [ERROR] Failed to load resource: the server responded with a status of 404 (Not Found) @ http://localhost:9898/main.js:0
[ 1037566ms] [ERROR] Failed to load resource: the server responded with a status of 404 (Not Found) @ http://localhost:9898/main.js:0
[ 1044433ms] [ERROR] Failed to load resource: the server responded with a status of 404 (Not Found) @ http://localhost:9898/main.js:0
[ 1049865ms] [ERROR] Failed to load resource: the server responded with a status of 404 (Not Found) @ http://localhost:9898/main.js:0
