[     579ms] [ERROR] Failed to load resource: the server responded with a status of 404 (Not Found) @ http://localhost:9898/api/sandbox/f739d036:0
[    8523ms] [ERROR] Failed to load resource: the server responded with a status of 404 (Not Found) @ http://localhost:9898/main.js:0
[  452463ms] [ERROR] Failed to load resource: the server responded with a status of 404 (Not Found) @ http://localhost:9898/main.js:0
[  455239ms] [ERROR] Failed to load resource: the server responded with a status of 404 (Not Found) @ http://localhost:9898/main.js:0
[  458125ms] [ERROR] Failed to load resource: the server responded with a status of 404 (Not Found) @ http://localhost:9898/main.js:0
[  459949ms] [ERROR] Failed to load resource: the server responded with a status of 404 (Not Found) @ http://localhost:9898/main.js:0
[  462109ms] [ERROR] Failed to load resource: the server responded with a status of 404 (Not Found) @ http://localhost:9898/main.js:0
[  464159ms] [ERROR] Failed to load resource: the server responded with a status of 404 (Not Found) @ http://localhost:9898/main.js:0
[  466250ms] [ERROR] Failed to load resource: the server responded with a status of 404 (Not Found) @ http://localhost:9898/main.js:0
[  468418ms] [ERROR] Failed to load resource: the server responded with a status of 404 (Not Found) @ http://localhost:9898/main.js:0
[  470405ms] [ERROR] Failed to load resource: the server responded with a status of 404 (Not Found) @ http://localhost:9898/main.js:0
[  472829ms] [ERROR] Failed to load resource: the server responded with a status of 404 (Not Found) @ http://localhost:9898/main.js:0
[  474933ms] [ERROR] Failed to load resource: the server responded with a status of 404 (Not Found) @ http://localhost:9898/main.js:0
[  477065ms] [ERROR] Failed to load resource: the server responded with a status of 404 (Not Found) @ http://localhost:9898/main.js:0
[  480461ms] [ERROR] Failed to load resource: the server responded with a status of 404 (Not Found) @ http://localhost:9898/main.js:0
[  484205ms] [ERROR] Failed to load resource: the server responded with a status of 404 (Not Found) @ http://localhost:9898/main.js:0
[  486619ms] [ERROR] Failed to load resource: the server responded with a status of 404 (Not Found) @ http://localhost:9898/main.js:0
[  489509ms] [ERROR] Failed to load resource: the server responded with a status of 404 (Not Found) @ http://localhost:9898/main.js:0
[  491396ms] [ERROR] Failed to load resource: the server responded with a status of 404 (Not Found) @ http://localhost:9898/main.js:0
[  493683ms] [ERROR] Failed to load resource: the server responded with a status of 404 (Not Found) @ http://localhost:9898/main.js:0
[  495691ms] [ERROR] Failed to load resource: the server responded with a status of 404 (Not Found) @ http://localhost:9898/main.js:0
[  497725ms] [ERROR] Failed to load resource: the server responded with a status of 404 (Not Found) @ http://localhost:9898/main.js:0
[  499449ms] [ERROR] Failed to load resource: the server responded with a status of 404 (Not Found) @ http://localhost:9898/main.js:0
[  501430ms] [ERROR] Failed to load resource: the server responded with a status of 404 (Not Found) @ http://localhost:9898/main.js:0
[  503500ms] [ERROR] Failed to load resource: the server responded with a status of 404 (Not Found) @ http://localhost:9898/main.js:0
[  505252ms] [ERROR] Failed to load resource: the server responded with a status of 404 (Not Found) @ http://localhost:9898/main.js:0
[  506874ms] [ERROR] Failed to load resource: the server responded with a status of 404 (Not Found) @ http://localhost:9898/main.js:0
[  509113ms] [ERROR] Failed to load resource: the server responded with a status of 404 (Not Found) @ http://localhost:9898/main.js:0
[  511143ms] [ERROR] Failed to load resource: the server responded with a status of 404 (Not Found) @ http://localhost:9898/main.js:0
[  513465ms] [ERROR] Failed to load resource: the server responded with a status of 404 (Not Found) @ http://localhost:9898/main.js:0
[  515429ms] [ERROR] Failed to load resource: the server responded with a status of 404 (Not Found) @ http://localhost:9898/main.js:0
[  517995ms] [ERROR] Failed to load resource: the server responded with a status of 404 (Not Found) @ http://localhost:9898/main.js:0
[  520425ms] [ERROR] Failed to load resource: the server responded with a status of 404 (Not Found) @ http://localhost:9898/main.js:0
[  522633ms] [ERROR] Failed to load resource: the server responded with a status of 404 (Not Found) @ http://localhost:9898/main.js:0
[  524672ms] [ERROR] Failed to load resource: the server responded with a status of 404 (Not Found) @ http://localhost:9898/main.js:0
[  526691ms] [ERROR] Failed to load resource: the server responded with a status of 404 (Not Found) @ http://localhost:9898/main.js:0
[  533963ms] [ERROR] Failed to load resource: the server responded with a status of 404 (Not Found) @ http://localhost:9898/api/sandbox/6f5bb214:0
[  535030ms] [ERROR] Failed to load resource: the server responded with a status of 500 (Internal Server Error) @ http://localhost:9898/preview/4cf126f2/:0
[  538719ms] [ERROR] Failed to load resource: the server responded with a status of 500 (Internal Server Error) @ http://localhost:9898/preview/4cf126f2/:0
[  542673ms] [ERROR] Failed to load resource: the server responded with a status of 500 (Internal Server Error) @ http://localhost:9898/preview/4cf126f2/:0
[  545150ms] [ERROR] Failed to load resource: the server responded with a status of 404 (Not Found) @ http://localhost:9898/main.js:0
[  546364ms] [ERROR] Failed to load resource: the server responded with a status of 404 (Not Found) @ http://localhost:9898/main.js:0
[  549710ms] [ERROR] Failed to load resource: the server responded with a status of 404 (Not Found) @ http://localhost:9898/main.js:0
[  550502ms] [ERROR] Failed to load resource: the server responded with a status of 404 (Not Found) @ http://localhost:9898/main.js:0
[  551263ms] [ERROR] Failed to load resource: the server responded with a status of 404 (Not Found) @ http://localhost:9898/main.js:0
[  552207ms] [ERROR] Failed to load resource: the server responded with a status of 404 (Not Found) @ http://localhost:9898/main.js:0
[  553020ms] [ERROR] Failed to load resource: the server responded with a status of 404 (Not Found) @ http://localhost:9898/main.js:0
[  553814ms] [ERROR] Failed to load resource: the server responded with a status of 404 (Not Found) @ http://localhost:9898/main.js:0
[  554559ms] [ERROR] Failed to load resource: the server responded with a status of 404 (Not Found) @ http://localhost:9898/main.js:0
[  555310ms] [ERROR] Failed to load resource: the server responded with a status of 404 (Not Found) @ http://localhost:9898/main.js:0
[  556237ms] [ERROR] Failed to load resource: the server responded with a status of 404 (Not Found) @ http://localhost:9898/main.js:0
[  556945ms] [ERROR] Failed to load resource: the server responded with a status of 404 (Not Found) @ http://localhost:9898/main.js:0
[  559256ms] [ERROR] Failed to load resource: the server responded with a status of 404 (Not Found) @ http://localhost:9898/main.js:0
[  561512ms] [ERROR] Failed to load resource: the server responded with a status of 404 (Not Found) @ http://localhost:9898/main.js:0
[  562357ms] [ERROR] Failed to load resource: the server responded with a status of 404 (Not Found) @ http://localhost:9898/main.js:0
[  563352ms] [ERROR] Failed to load resource: the server responded with a status of 404 (Not Found) @ http://localhost:9898/main.js:0
[  564188ms] [ERROR] Failed to load resource: the server responded with a status of 404 (Not Found) @ http://localhost:9898/main.js:0
[  565050ms] [ERROR] Failed to load resource: the server responded with a status of 404 (Not Found) @ http://localhost:9898/main.js:0
[  565800ms] [ERROR] Failed to load resource: the server responded with a status of 404 (Not Found) @ http://localhost:9898/main.js:0
[  567068ms] [ERROR] Failed to load resource: the server responded with a status of 404 (Not Found) @ http://localhost:9898/main.js:0
[  568046ms] [ERROR] Failed to load resource: the server responded with a status of 404 (Not Found) @ http://localhost:9898/main.js:0
[  569463ms] [ERROR] Failed to load resource: the server responded with a status of 404 (Not Found) @ http://localhost:9898/main.js:0
[  570942ms] [ERROR] Failed to load resource: the server responded with a status of 404 (Not Found) @ http://localhost:9898/main.js:0
[  571935ms] [ERROR] Failed to load resource: the server responded with a status of 404 (Not Found) @ http://localhost:9898/main.js:0
[  573050ms] [ERROR] Failed to load resource: the server responded with a status of 404 (Not Found) @ http://localhost:9898/main.js:0
[  573976ms] [ERROR] Failed to load resource: the server responded with a status of 404 (Not Found) @ http://localhost:9898/main.js:0
[  574829ms] [ERROR] Failed to load resource: the server responded with a status of 404 (Not Found) @ http://localhost:9898/main.js:0
[  576307ms] [ERROR] Failed to load resource: the server responded with a status of 404 (Not Found) @ http://localhost:9898/main.js:0
[  577307ms] [ERROR] Failed to load resource: the server responded with a status of 404 (Not Found) @ http://localhost:9898/main.js:0
[  579068ms] [ERROR] Failed to load resource: the server responded with a status of 404 (Not Found) @ http://localhost:9898/main.js:0
[  580015ms] [ERROR] Failed to load resource: the server responded with a status of 404 (Not Found) @ http://localhost:9898/main.js:0
[  580794ms] [ERROR] Failed to load resource: the server responded with a status of 404 (Not Found) @ http://localhost:9898/main.js:0
[  582259ms] [ERROR] Failed to load resource: the server responded with a status of 404 (Not Found) @ http://localhost:9898/main.js:0
[  584009ms] [ERROR] Failed to load resource: the server responded with a status of 404 (Not Found) @ http://localhost:9898/main.js:0
[  585216ms] [ERROR] Failed to load resource: the server responded with a status of 404 (Not Found) @ http://localhost:9898/main.js:0
[  586337ms] [ERROR] Failed to load resource: the server responded with a status of 404 (Not Found) @ http://localhost:9898/main.js:0
[  588077ms] [ERROR] Failed to load resource: the server responded with a status of 404 (Not Found) @ http://localhost:9898/main.js:0
[  589226ms] [ERROR] Failed to load resource: the server responded with a status of 404 (Not Found) @ http://localhost:9898/main.js:0
[  590445ms] [ERROR] Failed to load resource: the server responded with a status of 404 (Not Found) @ http://localhost:9898/main.js:0
[  591962ms] [ERROR] Failed to load resource: the server responded with a status of 404 (Not Found) @ http://localhost:9898/main.js:0
[  593059ms] [ERROR] Failed to load resource: the server responded with a status of 404 (Not Found) @ http://localhost:9898/main.js:0
[  593919ms] [ERROR] Failed to load resource: the server responded with a status of 404 (Not Found) @ http://localhost:9898/main.js:0
[  594778ms] [ERROR] Failed to load resource: the server responded with a status of 404 (Not Found) @ http://localhost:9898/main.js:0
[  596291ms] [ERROR] Failed to load resource: the server responded with a status of 404 (Not Found) @ http://localhost:9898/main.js:0
[  598104ms] [ERROR] Failed to load resource: the server responded with a status of 404 (Not Found) @ http://localhost:9898/main.js:0
[  598747ms] [ERROR] Failed to load resource: the server responded with a status of 404 (Not Found) @ http://localhost:9898/main.js:0
[  599565ms] [ERROR] Failed to load resource: the server responded with a status of 404 (Not Found) @ http://localhost:9898/main.js:0
[  600746ms] [ERROR] Failed to load resource: the server responded with a status of 404 (Not Found) @ http://localhost:9898/main.js:0
[  601488ms] [ERROR] Failed to load resource: the server responded with a status of 404 (Not Found) @ http://localhost:9898/main.js:0
[  602407ms] [ERROR] Failed to load resource: the server responded with a status of 404 (Not Found) @ http://localhost:9898/main.js:0
[  604191ms] [ERROR] Failed to load resource: the server responded with a status of 404 (Not Found) @ http://localhost:9898/main.js:0
[  605034ms] [ERROR] Failed to load resource: the server responded with a status of 404 (Not Found) @ http://localhost:9898/main.js:0
[  605920ms] [ERROR] Failed to load resource: the server responded with a status of 404 (Not Found) @ http://localhost:9898/main.js:0
[  606704ms] [ERROR] Failed to load resource: the server responded with a status of 404 (Not Found) @ http://localhost:9898/main.js:0
[  607439ms] [ERROR] Failed to load resource: the server responded with a status of 404 (Not Found) @ http://localhost:9898/main.js:0
[  609479ms] [ERROR] Failed to load resource: the server responded with a status of 404 (Not Found) @ http://localhost:9898/main.js:0
[  611076ms] [ERROR] Failed to load resource: the server responded with a status of 404 (Not Found) @ http://localhost:9898/main.js:0
[  612202ms] [ERROR] Failed to load resource: the server responded with a status of 404 (Not Found) @ http://localhost:9898/main.js:0
[  614469ms] [ERROR] Failed to load resource: the server responded with a status of 404 (Not Found) @ http://localhost:9898/main.js:0
[  616598ms] [ERROR] Failed to load resource: the server responded with a status of 404 (Not Found) @ http://localhost:9898/main.js:0
[  625827ms] [WARNING] The resource https://w-corp-staticblitz.com/fetch.worker.017acfb7.js was preloaded using link preload but not used within a few seconds from the window's load event. Please make sure it has an appropriate `as` value and it is preloaded intentionally. @ https://stackblitz.com/headless?version=1.5.3:0
[  626773ms] [ERROR] Failed to load resource: the server responded with a status of 404 (Not Found) @ http://localhost:9898/main.js:0
[  629349ms] [ERROR] Failed to load resource: the server responded with a status of 404 (Not Found) @ http://localhost:9898/main.js:0
[  630504ms] [ERROR] Failed to load resource: the server responded with a status of 404 (Not Found) @ http://localhost:9898/main.js:0
[  631817ms] [ERROR] Failed to load resource: the server responded with a status of 404 (Not Found) @ http://localhost:9898/main.js:0
[  632798ms] [ERROR] Failed to load resource: the server responded with a status of 404 (Not Found) @ http://localhost:9898/main.js:0
[  634307ms] [ERROR] Failed to load resource: the server responded with a status of 404 (Not Found) @ http://localhost:9898/main.js:0
[  635251ms] [ERROR] Failed to load resource: the server responded with a status of 404 (Not Found) @ http://localhost:9898/main.js:0
[  639476ms] [ERROR] Failed to load resource: the server responded with a status of 404 (Not Found) @ http://localhost:9898/main.js:0
[  640779ms] [ERROR] Failed to load resource: the server responded with a status of 404 (Not Found) @ http://localhost:9898/main.js:0
[  642742ms] [ERROR] Failed to load resource: the server responded with a status of 404 (Not Found) @ http://localhost:9898/main.js:0
[  643776ms] [ERROR] Failed to load resource: the server responded with a status of 404 (Not Found) @ http://localhost:9898/main.js:0
[  644956ms] [ERROR] Failed to load resource: the server responded with a status of 404 (Not Found) @ http://localhost:9898/main.js:0
[  645745ms] [ERROR] Failed to load resource: the server responded with a status of 404 (Not Found) @ http://localhost:9898/main.js:0
[  647054ms] [ERROR] Failed to load resource: the server responded with a status of 404 (Not Found) @ http://localhost:9898/main.js:0
[  648894ms] [ERROR] Failed to load resource: the server responded with a status of 404 (Not Found) @ http://localhost:9898/main.js:0
[  650088ms] [ERROR] Failed to load resource: the server responded with a status of 404 (Not Found) @ http://localhost:9898/main.js:0
[  651641ms] [ERROR] Failed to load resource: the server responded with a status of 404 (Not Found) @ http://localhost:9898/main.js:0
[  653264ms] [ERROR] Failed to load resource: the server responded with a status of 404 (Not Found) @ http://localhost:9898/main.js:0
[  654037ms] [ERROR] Failed to load resource: the server responded with a status of 404 (Not Found) @ http://localhost:9898/main.js:0
[  655462ms] [ERROR] Failed to load resource: the server responded with a status of 404 (Not Found) @ http://localhost:9898/main.js:0
[  656710ms] [ERROR] Failed to load resource: the server responded with a status of 404 (Not Found) @ http://localhost:9898/main.js:0
[  658450ms] [ERROR] Failed to load resource: the server responded with a status of 404 (Not Found) @ http://localhost:9898/main.js:0
[  659487ms] [ERROR] Failed to load resource: the server responded with a status of 404 (Not Found) @ http://localhost:9898/main.js:0
[  661017ms] [ERROR] Failed to load resource: the server responded with a status of 404 (Not Found) @ http://localhost:9898/main.js:0
[  661858ms] [ERROR] Failed to load resource: the server responded with a status of 404 (Not Found) @ http://localhost:9898/main.js:0
[  663002ms] [ERROR] Failed to load resource: the server responded with a status of 404 (Not Found) @ http://localhost:9898/main.js:0
[  663875ms] [ERROR] Failed to load resource: the server responded with a status of 404 (Not Found) @ http://localhost:9898/main.js:0
[  665132ms] [ERROR] Failed to load resource: the server responded with a status of 404 (Not Found) @ http://localhost:9898/main.js:0
[  666383ms] [ERROR] Failed to load resource: the server responded with a status of 404 (Not Found) @ http://localhost:9898/main.js:0
[  667319ms] [ERROR] Failed to load resource: the server responded with a status of 404 (Not Found) @ http://localhost:9898/main.js:0
[  668001ms] [ERROR] Failed to load resource: the server responded with a status of 404 (Not Found) @ http://localhost:9898/main.js:0
[  668880ms] [ERROR] Failed to load resource: the server responded with a status of 404 (Not Found) @ http://localhost:9898/main.js:0
[  669943ms] [ERROR] Failed to load resource: the server responded with a status of 404 (Not Found) @ http://localhost:9898/main.js:0
[  671749ms] [ERROR] Failed to load resource: the server responded with a status of 404 (Not Found) @ http://localhost:9898/main.js:0
[  672404ms] [ERROR] Failed to load resource: the server responded with a status of 404 (Not Found) @ http://localhost:9898/main.js:0
[  673397ms] [ERROR] Failed to load resource: the server responded with a status of 404 (Not Found) @ http://localhost:9898/main.js:0
[  674143ms] [ERROR] Failed to load resource: the server responded with a status of 404 (Not Found) @ http://localhost:9898/main.js:0
[  675035ms] [ERROR] Failed to load resource: the server responded with a status of 404 (Not Found) @ http://localhost:9898/main.js:0
[  675981ms] [ERROR] Failed to load resource: the server responded with a status of 404 (Not Found) @ http://localhost:9898/main.js:0
[  676663ms] [ERROR] Failed to load resource: the server responded with a status of 404 (Not Found) @ http://localhost:9898/main.js:0
[  677463ms] [ERROR] Failed to load resource: the server responded with a status of 404 (Not Found) @ http://localhost:9898/main.js:0
[  678401ms] [ERROR] Failed to load resource: the server responded with a status of 404 (Not Found) @ http://localhost:9898/main.js:0
[  679771ms] [ERROR] Failed to load resource: the server responded with a status of 404 (Not Found) @ http://localhost:9898/main.js:0
[  680465ms] [ERROR] Failed to load resource: the server responded with a status of 404 (Not Found) @ http://localhost:9898/main.js:0
[  681168ms] [ERROR] Failed to load resource: the server responded with a status of 404 (Not Found) @ http://localhost:9898/main.js:0
[  682547ms] [ERROR] Failed to load resource: the server responded with a status of 404 (Not Found) @ http://localhost:9898/main.js:0
[  683509ms] [ERROR] Failed to load resource: the server responded with a status of 404 (Not Found) @ http://localhost:9898/main.js:0
[  684399ms] [ERROR] Failed to load resource: the server responded with a status of 404 (Not Found) @ http://localhost:9898/main.js:0
[  685303ms] [ERROR] Failed to load resource: the server responded with a status of 404 (Not Found) @ http://localhost:9898/main.js:0
[  686037ms] [ERROR] Failed to load resource: the server responded with a status of 404 (Not Found) @ http://localhost:9898/main.js:0
[  686763ms] [ERROR] Failed to load resource: the server responded with a status of 404 (Not Found) @ http://localhost:9898/main.js:0
[  687448ms] [ERROR] Failed to load resource: the server responded with a status of 404 (Not Found) @ http://localhost:9898/main.js:0
[  688531ms] [ERROR] Failed to load resource: the server responded with a status of 404 (Not Found) @ http://localhost:9898/main.js:0
[  689221ms] [ERROR] Failed to load resource: the server responded with a status of 404 (Not Found) @ http://localhost:9898/main.js:0
[  690027ms] [ERROR] Failed to load resource: the server responded with a status of 404 (Not Found) @ http://localhost:9898/main.js:0
[  691748ms] [ERROR] Failed to load resource: the server responded with a status of 404 (Not Found) @ http://localhost:9898/main.js:0
[  693014ms] [ERROR] Failed to load resource: the server responded with a status of 404 (Not Found) @ http://localhost:9898/main.js:0
[  693971ms] [ERROR] Failed to load resource: the server responded with a status of 404 (Not Found) @ http://localhost:9898/main.js:0
[  696271ms] [ERROR] Failed to load resource: the server responded with a status of 404 (Not Found) @ http://localhost:9898/main.js:0
[  698922ms] [ERROR] Failed to load resource: the server responded with a status of 404 (Not Found) @ http://localhost:9898/main.js:0
[  699745ms] [ERROR] Failed to load resource: the server responded with a status of 404 (Not Found) @ http://localhost:9898/main.js:0
[  700995ms] [ERROR] Failed to load resource: the server responded with a status of 404 (Not Found) @ http://localhost:9898/main.js:0
[  701647ms] [ERROR] Failed to load resource: the server responded with a status of 404 (Not Found) @ http://localhost:9898/main.js:0
[  702489ms] [ERROR] Failed to load resource: the server responded with a status of 404 (Not Found) @ http://localhost:9898/main.js:0
[  703338ms] [ERROR] Failed to load resource: the server responded with a status of 404 (Not Found) @ http://localhost:9898/main.js:0
[  705119ms] [ERROR] Failed to load resource: the server responded with a status of 404 (Not Found) @ http://localhost:9898/main.js:0
[  706039ms] [ERROR] Failed to load resource: the server responded with a status of 404 (Not Found) @ http://localhost:9898/main.js:0
[  706765ms] [ERROR] Failed to load resource: the server responded with a status of 404 (Not Found) @ http://localhost:9898/main.js:0
[  708505ms] [ERROR] Failed to load resource: the server responded with a status of 404 (Not Found) @ http://localhost:9898/main.js:0
[  709381ms] [ERROR] Failed to load resource: the server responded with a status of 404 (Not Found) @ http://localhost:9898/main.js:0
[  710260ms] [ERROR] Failed to load resource: the server responded with a status of 404 (Not Found) @ http://localhost:9898/main.js:0
[  711163ms] [ERROR] Failed to load resource: the server responded with a status of 404 (Not Found) @ http://localhost:9898/main.js:0
[  712371ms] [ERROR] Failed to load resource: the server responded with a status of 404 (Not Found) @ http://localhost:9898/main.js:0
[  713225ms] [ERROR] Failed to load resource: the server responded with a status of 404 (Not Found) @ http://localhost:9898/main.js:0
[  714151ms] [ERROR] Failed to load resource: the server responded with a status of 404 (Not Found) @ http://localhost:9898/main.js:0
[  715012ms] [ERROR] Failed to load resource: the server responded with a status of 404 (Not Found) @ http://localhost:9898/main.js:0
[  727200ms] [WARNING] The resource https://w-corp-staticblitz.com/fetch.worker.017acfb7.js was preloaded using link preload but not used within a few seconds from the window's load event. Please make sure it has an appropriate `as` value and it is preloaded intentionally. @ https://stackblitz.com/headless?version=1.5.3:0
[  730984ms] [ERROR] Failed to load resource: the server responded with a status of 404 (Not Found) @ http://localhost:9898/main.js:0
[  731830ms] [ERROR] Failed to load resource: the server responded with a status of 404 (Not Found) @ http://localhost:9898/main.js:0
[  733403ms] [ERROR] Failed to load resource: the server responded with a status of 404 (Not Found) @ http://localhost:9898/main.js:0
[  734293ms] [ERROR] Failed to load resource: the server responded with a status of 404 (Not Found) @ http://localhost:9898/main.js:0
[  735147ms] [ERROR] Failed to load resource: the server responded with a status of 404 (Not Found) @ http://localhost:9898/main.js:0
[  735962ms] [ERROR] Failed to load resource: the server responded with a status of 404 (Not Found) @ http://localhost:9898/main.js:0
[  736855ms] [ERROR] Failed to load resource: the server responded with a status of 404 (Not Found) @ http://localhost:9898/main.js:0
[  737635ms] [ERROR] Failed to load resource: the server responded with a status of 404 (Not Found) @ http://localhost:9898/main.js:0
[  739332ms] [ERROR] Failed to load resource: the server responded with a status of 404 (Not Found) @ http://localhost:9898/main.js:0
[  740158ms] [ERROR] Failed to load resource: the server responded with a status of 404 (Not Found) @ http://localhost:9898/main.js:0
[  741541ms] [ERROR] Failed to load resource: the server responded with a status of 404 (Not Found) @ http://localhost:9898/main.js:0
[  742383ms] [ERROR] Failed to load resource: the server responded with a status of 404 (Not Found) @ http://localhost:9898/main.js:0
[  743957ms] [ERROR] Failed to load resource: the server responded with a status of 404 (Not Found) @ http://localhost:9898/main.js:0
[  744828ms] [ERROR] Failed to load resource: the server responded with a status of 404 (Not Found) @ http://localhost:9898/main.js:0
[  745731ms] [ERROR] Failed to load resource: the server responded with a status of 404 (Not Found) @ http://localhost:9898/main.js:0
[  747031ms] [ERROR] Failed to load resource: the server responded with a status of 404 (Not Found) @ http://localhost:9898/main.js:0
[  747801ms] [ERROR] Failed to load resource: the server responded with a status of 404 (Not Found) @ http://localhost:9898/main.js:0
[  749462ms] [ERROR] Failed to load resource: the server responded with a status of 404 (Not Found) @ http://localhost:9898/main.js:0
[  750201ms] [ERROR] Failed to load resource: the server responded with a status of 404 (Not Found) @ http://localhost:9898/main.js:0
[  751513ms] [ERROR] Failed to load resource: the server responded with a status of 404 (Not Found) @ http://localhost:9898/main.js:0
[  752385ms] [ERROR] Failed to load resource: the server responded with a status of 404 (Not Found) @ http://localhost:9898/main.js:0
[  753331ms] [ERROR] Failed to load resource: the server responded with a status of 404 (Not Found) @ http://localhost:9898/main.js:0
[  754659ms] [ERROR] Failed to load resource: the server responded with a status of 404 (Not Found) @ http://localhost:9898/main.js:0
[  755459ms] [ERROR] Failed to load resource: the server responded with a status of 404 (Not Found) @ http://localhost:9898/main.js:0
[  756234ms] [ERROR] Failed to load resource: the server responded with a status of 404 (Not Found) @ http://localhost:9898/main.js:0
[  756995ms] [ERROR] Failed to load resource: the server responded with a status of 404 (Not Found) @ http://localhost:9898/main.js:0
[  758484ms] [ERROR] Failed to load resource: the server responded with a status of 404 (Not Found) @ http://localhost:9898/main.js:0
[  759377ms] [ERROR] Failed to load resource: the server responded with a status of 404 (Not Found) @ http://localhost:9898/main.js:0
[  760154ms] [ERROR] Failed to load resource: the server responded with a status of 404 (Not Found) @ http://localhost:9898/main.js:0
[  760880ms] [ERROR] Failed to load resource: the server responded with a status of 404 (Not Found) @ http://localhost:9898/main.js:0
[  762281ms] [ERROR] Failed to load resource: the server responded with a status of 404 (Not Found) @ http://localhost:9898/main.js:0
[  763071ms] [ERROR] Failed to load resource: the server responded with a status of 404 (Not Found) @ http://localhost:9898/main.js:0
[  764000ms] [ERROR] Failed to load resource: the server responded with a status of 404 (Not Found) @ http://localhost:9898/main.js:0
[  765185ms] [ERROR] Failed to load resource: the server responded with a status of 404 (Not Found) @ http://localhost:9898/main.js:0
[  766325ms] [ERROR] Failed to load resource: the server responded with a status of 404 (Not Found) @ http://localhost:9898/main.js:0
[  768206ms] [ERROR] Failed to load resource: the server responded with a status of 404 (Not Found) @ http://localhost:9898/main.js:0
[  769115ms] [ERROR] Failed to load resource: the server responded with a status of 404 (Not Found) @ http://localhost:9898/main.js:0
[  770047ms] [ERROR] Failed to load resource: the server responded with a status of 404 (Not Found) @ http://localhost:9898/main.js:0
[  771852ms] [ERROR] Failed to load resource: the server responded with a status of 404 (Not Found) @ http://localhost:9898/main.js:0
[  772716ms] [ERROR] Failed to load resource: the server responded with a status of 404 (Not Found) @ http://localhost:9898/main.js:0
[  773875ms] [ERROR] Failed to load resource: the server responded with a status of 404 (Not Found) @ http://localhost:9898/main.js:0
[  774746ms] [ERROR] Failed to load resource: the server responded with a status of 404 (Not Found) @ http://localhost:9898/main.js:0
[  775523ms] [ERROR] Failed to load resource: the server responded with a status of 404 (Not Found) @ http://localhost:9898/main.js:0
[  776395ms] [ERROR] Failed to load resource: the server responded with a status of 404 (Not Found) @ http://localhost:9898/main.js:0
[  777911ms] [ERROR] Failed to load resource: the server responded with a status of 404 (Not Found) @ http://localhost:9898/main.js:0
[  778883ms] [ERROR] Failed to load resource: the server responded with a status of 404 (Not Found) @ http://localhost:9898/main.js:0
[  781773ms] [ERROR] Failed to load resource: the server responded with a status of 404 (Not Found) @ http://localhost:9898/main.js:0
[  782646ms] [ERROR] Failed to load resource: the server responded with a status of 404 (Not Found) @ http://localhost:9898/main.js:0
[  784977ms] [ERROR] Failed to load resource: the server responded with a status of 404 (Not Found) @ http://localhost:9898/main.js:0
[  785831ms] [ERROR] Failed to load resource: the server responded with a status of 404 (Not Found) @ http://localhost:9898/main.js:0
[  786819ms] [ERROR] Failed to load resource: the server responded with a status of 404 (Not Found) @ http://localhost:9898/main.js:0
[  787754ms] [ERROR] Failed to load resource: the server responded with a status of 404 (Not Found) @ http://localhost:9898/main.js:0
[  788782ms] [ERROR] Failed to load resource: the server responded with a status of 404 (Not Found) @ http://localhost:9898/main.js:0
[  789612ms] [ERROR] Failed to load resource: the server responded with a status of 404 (Not Found) @ http://localhost:9898/main.js:0
[  791062ms] [ERROR] Failed to load resource: the server responded with a status of 404 (Not Found) @ http://localhost:9898/main.js:0
[  791907ms] [ERROR] Failed to load resource: the server responded with a status of 404 (Not Found) @ http://localhost:9898/main.js:0
[  792698ms] [ERROR] Failed to load resource: the server responded with a status of 404 (Not Found) @ http://localhost:9898/main.js:0
[  794242ms] [ERROR] Failed to load resource: the server responded with a status of 404 (Not Found) @ http://localhost:9898/main.js:0
[  795579ms] [ERROR] Failed to load resource: the server responded with a status of 404 (Not Found) @ http://localhost:9898/main.js:0
[  796451ms] [ERROR] Failed to load resource: the server responded with a status of 404 (Not Found) @ http://localhost:9898/main.js:0
[  797230ms] [ERROR] Failed to load resource: the server responded with a status of 404 (Not Found) @ http://localhost:9898/main.js:0
[  798256ms] [ERROR] Failed to load resource: the server responded with a status of 404 (Not Found) @ http://localhost:9898/main.js:0
[  799216ms] [ERROR] Failed to load resource: the server responded with a status of 404 (Not Found) @ http://localhost:9898/main.js:0
[  800020ms] [ERROR] Failed to load resource: the server responded with a status of 404 (Not Found) @ http://localhost:9898/main.js:0
[  800889ms] [ERROR] Failed to load resource: the server responded with a status of 404 (Not Found) @ http://localhost:9898/main.js:0
[  802460ms] [ERROR] Failed to load resource: the server responded with a status of 404 (Not Found) @ http://localhost:9898/main.js:0
[  803393ms] [ERROR] Failed to load resource: the server responded with a status of 404 (Not Found) @ http://localhost:9898/main.js:0
[  804356ms] [ERROR] Failed to load resource: the server responded with a status of 404 (Not Found) @ http://localhost:9898/main.js:0
[  805325ms] [ERROR] Failed to load resource: the server responded with a status of 404 (Not Found) @ http://localhost:9898/main.js:0
[  806227ms] [ERROR] Failed to load resource: the server responded with a status of 404 (Not Found) @ http://localhost:9898/main.js:0
[  807046ms] [ERROR] Failed to load resource: the server responded with a status of 404 (Not Found) @ http://localhost:9898/main.js:0
[  807819ms] [ERROR] Failed to load resource: the server responded with a status of 404 (Not Found) @ http://localhost:9898/main.js:0
[  808848ms] [ERROR] Failed to load resource: the server responded with a status of 404 (Not Found) @ http://localhost:9898/main.js:0
[  809596ms] [ERROR] Failed to load resource: the server responded with a status of 404 (Not Found) @ http://localhost:9898/main.js:0
[  810373ms] [ERROR] Failed to load resource: the server responded with a status of 404 (Not Found) @ http://localhost:9898/main.js:0
[  811205ms] [ERROR] Failed to load resource: the server responded with a status of 404 (Not Found) @ http://localhost:9898/main.js:0
[  812603ms] [ERROR] Failed to load resource: the server responded with a status of 404 (Not Found) @ http://localhost:9898/main.js:0
[  813754ms] [ERROR] Failed to load resource: the server responded with a status of 404 (Not Found) @ http://localhost:9898/main.js:0
[  814656ms] [ERROR] Failed to load resource: the server responded with a status of 404 (Not Found) @ http://localhost:9898/main.js:0
[  815552ms] [ERROR] Failed to load resource: the server responded with a status of 404 (Not Found) @ http://localhost:9898/main.js:0
[  816354ms] [ERROR] Failed to load resource: the server responded with a status of 404 (Not Found) @ http://localhost:9898/main.js:0
[  817726ms] [ERROR] Failed to load resource: the server responded with a status of 404 (Not Found) @ http://localhost:9898/main.js:0
[  818673ms] [ERROR] Failed to load resource: the server responded with a status of 404 (Not Found) @ http://localhost:9898/main.js:0
[  819589ms] [ERROR] Failed to load resource: the server responded with a status of 404 (Not Found) @ http://localhost:9898/main.js:0
[  820987ms] [ERROR] Failed to load resource: the server responded with a status of 404 (Not Found) @ http://localhost:9898/main.js:0
[  821860ms] [ERROR] Failed to load resource: the server responded with a status of 404 (Not Found) @ http://localhost:9898/main.js:0
[  823547ms] [ERROR] Failed to load resource: the server responded with a status of 404 (Not Found) @ http://localhost:9898/main.js:0
[  824356ms] [ERROR] Failed to load resource: the server responded with a status of 404 (Not Found) @ http://localhost:9898/main.js:0
[  825257ms] [ERROR] Failed to load resource: the server responded with a status of 404 (Not Found) @ http://localhost:9898/main.js:0
[  826229ms] [ERROR] Failed to load resource: the server responded with a status of 404 (Not Found) @ http://localhost:9898/main.js:0
[  827957ms] [ERROR] Failed to load resource: the server responded with a status of 404 (Not Found) @ http://localhost:9898/main.js:0
[  828854ms] [ERROR] Failed to load resource: the server responded with a status of 404 (Not Found) @ http://localhost:9898/main.js:0
[  831181ms] [ERROR] Failed to load resource: the server responded with a status of 404 (Not Found) @ http://localhost:9898/main.js:0
[  832411ms] [ERROR] Failed to load resource: the server responded with a status of 404 (Not Found) @ http://localhost:9898/main.js:0
[  833602ms] [ERROR] Failed to load resource: the server responded with a status of 404 (Not Found) @ http://localhost:9898/main.js:0
[  834457ms] [ERROR] Failed to load resource: the server responded with a status of 404 (Not Found) @ http://localhost:9898/main.js:0
[  836234ms] [ERROR] Failed to load resource: the server responded with a status of 404 (Not Found) @ http://localhost:9898/main.js:0
[  837199ms] [ERROR] Failed to load resource: the server responded with a status of 404 (Not Found) @ http://localhost:9898/main.js:0
[  838919ms] [ERROR] Failed to load resource: the server responded with a status of 404 (Not Found) @ http://localhost:9898/main.js:0
[  839787ms] [ERROR] Failed to load resource: the server responded with a status of 404 (Not Found) @ http://localhost:9898/main.js:0
[  841290ms] [ERROR] Failed to load resource: the server responded with a status of 404 (Not Found) @ http://localhost:9898/main.js:0
[  842867ms] [ERROR] Failed to load resource: the server responded with a status of 404 (Not Found) @ http://localhost:9898/main.js:0
[  843861ms] [ERROR] Failed to load resource: the server responded with a status of 404 (Not Found) @ http://localhost:9898/main.js:0
[  844861ms] [ERROR] Failed to load resource: the server responded with a status of 404 (Not Found) @ http://localhost:9898/main.js:0
[  845691ms] [ERROR] Failed to load resource: the server responded with a status of 404 (Not Found) @ http://localhost:9898/main.js:0
[  846601ms] [ERROR] Failed to load resource: the server responded with a status of 404 (Not Found) @ http://localhost:9898/main.js:0
[  847400ms] [ERROR] Failed to load resource: the server responded with a status of 404 (Not Found) @ http://localhost:9898/main.js:0
[  848245ms] [ERROR] Failed to load resource: the server responded with a status of 404 (Not Found) @ http://localhost:9898/main.js:0
[  849205ms] [ERROR] Failed to load resource: the server responded with a status of 404 (Not Found) @ http://localhost:9898/main.js:0
[  850123ms] [ERROR] Failed to load resource: the server responded with a status of 404 (Not Found) @ http://localhost:9898/main.js:0
[  851085ms] [ERROR] Failed to load resource: the server responded with a status of 404 (Not Found) @ http://localhost:9898/main.js:0
[  852074ms] [ERROR] Failed to load resource: the server responded with a status of 404 (Not Found) @ http://localhost:9898/main.js:0
[  852892ms] [ERROR] Failed to load resource: the server responded with a status of 404 (Not Found) @ http://localhost:9898/main.js:0
[  854228ms] [ERROR] Failed to load resource: the server responded with a status of 404 (Not Found) @ http://localhost:9898/main.js:0
[  855165ms] [ERROR] Failed to load resource: the server responded with a status of 404 (Not Found) @ http://localhost:9898/main.js:0
[  855972ms] [ERROR] Failed to load resource: the server responded with a status of 404 (Not Found) @ http://localhost:9898/main.js:0
[  856830ms] [ERROR] Failed to load resource: the server responded with a status of 404 (Not Found) @ http://localhost:9898/main.js:0
[  858303ms] [ERROR] Failed to load resource: the server responded with a status of 404 (Not Found) @ http://localhost:9898/main.js:0
[  859975ms] [ERROR] Failed to load resource: the server responded with a status of 404 (Not Found) @ http://localhost:9898/main.js:0
[  860889ms] [ERROR] Failed to load resource: the server responded with a status of 404 (Not Found) @ http://localhost:9898/main.js:0
[  862129ms] [ERROR] Failed to load resource: the server responded with a status of 404 (Not Found) @ http://localhost:9898/main.js:0
[  863043ms] [ERROR] Failed to load resource: the server responded with a status of 404 (Not Found) @ http://localhost:9898/main.js:0
[  864121ms] [ERROR] Failed to load resource: the server responded with a status of 404 (Not Found) @ http://localhost:9898/main.js:0
[  865791ms] [ERROR] Failed to load resource: the server responded with a status of 404 (Not Found) @ http://localhost:9898/main.js:0
[  866527ms] [ERROR] Failed to load resource: the server responded with a status of 404 (Not Found) @ http://localhost:9898/main.js:0
[  867790ms] [ERROR] Failed to load resource: the server responded with a status of 404 (Not Found) @ http://localhost:9898/main.js:0
[  868833ms] [ERROR] Failed to load resource: the server responded with a status of 404 (Not Found) @ http://localhost:9898/main.js:0
[  870362ms] [ERROR] Failed to load resource: the server responded with a status of 404 (Not Found) @ http://localhost:9898/main.js:0
[  871189ms] [ERROR] Failed to load resource: the server responded with a status of 404 (Not Found) @ http://localhost:9898/main.js:0
[  872639ms] [ERROR] Failed to load resource: the server responded with a status of 404 (Not Found) @ http://localhost:9898/main.js:0
[  874087ms] [ERROR] Failed to load resource: the server responded with a status of 404 (Not Found) @ http://localhost:9898/main.js:0
[  876128ms] [ERROR] Failed to load resource: the server responded with a status of 404 (Not Found) @ http://localhost:9898/main.js:0
[  877338ms] [ERROR] Failed to load resource: the server responded with a status of 404 (Not Found) @ http://localhost:9898/main.js:0
[  878428ms] [ERROR] Failed to load resource: the server responded with a status of 404 (Not Found) @ http://localhost:9898/main.js:0
[  879483ms] [ERROR] Failed to load resource: the server responded with a status of 404 (Not Found) @ http://localhost:9898/main.js:0
[  880907ms] [ERROR] Failed to load resource: the server responded with a status of 404 (Not Found) @ http://localhost:9898/main.js:0
[  881938ms] [ERROR] Failed to load resource: the server responded with a status of 404 (Not Found) @ http://localhost:9898/main.js:0
[  883070ms] [ERROR] Failed to load resource: the server responded with a status of 404 (Not Found) @ http://localhost:9898/main.js:0
[  884325ms] [ERROR] Failed to load resource: the server responded with a status of 404 (Not Found) @ http://localhost:9898/main.js:0
[  885238ms] [ERROR] Failed to load resource: the server responded with a status of 404 (Not Found) @ http://localhost:9898/main.js:0
[  886706ms] [ERROR] Failed to load resource: the server responded with a status of 404 (Not Found) @ http://localhost:9898/main.js:0
[  887620ms] [ERROR] Failed to load resource: the server responded with a status of 404 (Not Found) @ http://localhost:9898/main.js:0
[  888763ms] [ERROR] Failed to load resource: the server responded with a status of 404 (Not Found) @ http://localhost:9898/main.js:0
[  890370ms] [ERROR] Failed to load resource: the server responded with a status of 404 (Not Found) @ http://localhost:9898/main.js:0
[  891207ms] [ERROR] Failed to load resource: the server responded with a status of 404 (Not Found) @ http://localhost:9898/main.js:0
[  893244ms] [ERROR] Failed to load resource: the server responded with a status of 404 (Not Found) @ http://localhost:9898/main.js:0
[  894704ms] [ERROR] Failed to load resource: the server responded with a status of 404 (Not Found) @ http://localhost:9898/main.js:0
[  896449ms] [ERROR] Failed to load resource: the server responded with a status of 404 (Not Found) @ http://localhost:9898/main.js:0
[  897688ms] [ERROR] Failed to load resource: the server responded with a status of 404 (Not Found) @ http://localhost:9898/main.js:0
[  898811ms] [ERROR] Failed to load resource: the server responded with a status of 404 (Not Found) @ http://localhost:9898/main.js:0
[  899802ms] [ERROR] Failed to load resource: the server responded with a status of 404 (Not Found) @ http://localhost:9898/main.js:0
[  901408ms] [ERROR] Failed to load resource: the server responded with a status of 404 (Not Found) @ http://localhost:9898/main.js:0
[  902314ms] [ERROR] Failed to load resource: the server responded with a status of 404 (Not Found) @ http://localhost:9898/main.js:0
[  903592ms] [ERROR] Failed to load resource: the server responded with a status of 404 (Not Found) @ http://localhost:9898/main.js:0
[  904542ms] [ERROR] Failed to load resource: the server responded with a status of 404 (Not Found) @ http://localhost:9898/main.js:0
[  905397ms] [ERROR] Failed to load resource: the server responded with a status of 404 (Not Found) @ http://localhost:9898/main.js:0
[  906658ms] [ERROR] Failed to load resource: the server responded with a status of 404 (Not Found) @ http://localhost:9898/main.js:0
[  908629ms] [ERROR] Failed to load resource: the server responded with a status of 404 (Not Found) @ http://localhost:9898/main.js:0
[  909457ms] [ERROR] Failed to load resource: the server responded with a status of 404 (Not Found) @ http://localhost:9898/main.js:0
[  913922ms] [WARNING] The resource https://w-corp-staticblitz.com/fetch.worker.017acfb7.js was preloaded using link preload but not used within a few seconds from the window's load event. Please make sure it has an appropriate `as` value and it is preloaded intentionally. @ https://stackblitz.com/headless?version=1.5.3:0
[  915446ms] [ERROR] Failed to load resource: the server responded with a status of 404 (Not Found) @ http://localhost:9898/main.js:0
[  917052ms] [ERROR] Failed to load resource: the server responded with a status of 404 (Not Found) @ http://localhost:9898/main.js:0
[  918168ms] [ERROR] Failed to load resource: the server responded with a status of 404 (Not Found) @ http://localhost:9898/main.js:0
[  919965ms] [ERROR] Failed to load resource: the server responded with a status of 404 (Not Found) @ http://localhost:9898/main.js:0
[  920934ms] [ERROR] Failed to load resource: the server responded with a status of 404 (Not Found) @ http://localhost:9898/main.js:0
[  921862ms] [ERROR] Failed to load resource: the server responded with a status of 404 (Not Found) @ http://localhost:9898/main.js:0
[  922857ms] [ERROR] Failed to load resource: the server responded with a status of 404 (Not Found) @ http://localhost:9898/main.js:0
[  925317ms] [ERROR] Failed to load resource: the server responded with a status of 404 (Not Found) @ http://localhost:9898/main.js:0
[  926308ms] [ERROR] Failed to load resource: the server responded with a status of 404 (Not Found) @ http://localhost:9898/main.js:0
[  927953ms] [ERROR] Failed to load resource: the server responded with a status of 404 (Not Found) @ http://localhost:9898/main.js:0
[  928931ms] [ERROR] Failed to load resource: the server responded with a status of 404 (Not Found) @ http://localhost:9898/main.js:0
[  929869ms] [ERROR] Failed to load resource: the server responded with a status of 404 (Not Found) @ http://localhost:9898/main.js:0
[  931334ms] [ERROR] Failed to load resource: the server responded with a status of 404 (Not Found) @ http://localhost:9898/main.js:0
[  932139ms] [ERROR] Failed to load resource: the server responded with a status of 404 (Not Found) @ http://localhost:9898/main.js:0
[  933798ms] [ERROR] Failed to load resource: the server responded with a status of 404 (Not Found) @ http://localhost:9898/main.js:0
[  934653ms] [ERROR] Failed to load resource: the server responded with a status of 404 (Not Found) @ http://localhost:9898/main.js:0
[  936063ms] [ERROR] Failed to load resource: the server responded with a status of 404 (Not Found) @ http://localhost:9898/main.js:0
[  936825ms] [ERROR] Failed to load resource: the server responded with a status of 404 (Not Found) @ http://localhost:9898/main.js:0
[  938364ms] [ERROR] Failed to load resource: the server responded with a status of 404 (Not Found) @ http://localhost:9898/main.js:0
[  939373ms] [ERROR] Failed to load resource: the server responded with a status of 404 (Not Found) @ http://localhost:9898/main.js:0
[  941190ms] [ERROR] Failed to load resource: the server responded with a status of 404 (Not Found) @ http://localhost:9898/main.js:0
[  941992ms] [ERROR] Failed to load resource: the server responded with a status of 404 (Not Found) @ http://localhost:9898/main.js:0
[  942969ms] [ERROR] Failed to load resource: the server responded with a status of 404 (Not Found) @ http://localhost:9898/main.js:0
[  944516ms] [ERROR] Failed to load resource: the server responded with a status of 404 (Not Found) @ http://localhost:9898/main.js:0
[  945335ms] [ERROR] Failed to load resource: the server responded with a status of 404 (Not Found) @ http://localhost:9898/main.js:0
[  946804ms] [ERROR] Failed to load resource: the server responded with a status of 404 (Not Found) @ http://localhost:9898/main.js:0
[  947708ms] [ERROR] Failed to load resource: the server responded with a status of 404 (Not Found) @ http://localhost:9898/main.js:0
[  949392ms] [ERROR] Failed to load resource: the server responded with a status of 404 (Not Found) @ http://localhost:9898/main.js:0
[  950878ms] [ERROR] Failed to load resource: the server responded with a status of 404 (Not Found) @ http://localhost:9898/main.js:0
[  951646ms] [ERROR] Failed to load resource: the server responded with a status of 404 (Not Found) @ http://localhost:9898/main.js:0
[  952350ms] [ERROR] Failed to load resource: the server responded with a status of 404 (Not Found) @ http://localhost:9898/main.js:0
[  954368ms] [ERROR] Failed to load resource: the server responded with a status of 404 (Not Found) @ http://localhost:9898/main.js:0
[  955159ms] [ERROR] Failed to load resource: the server responded with a status of 404 (Not Found) @ http://localhost:9898/main.js:0
[  955947ms] [ERROR] Failed to load resource: the server responded with a status of 404 (Not Found) @ http://localhost:9898/main.js:0
[  957250ms] [ERROR] Failed to load resource: the server responded with a status of 404 (Not Found) @ http://localhost:9898/main.js:0
[  958234ms] [ERROR] Failed to load resource: the server responded with a status of 404 (Not Found) @ http://localhost:9898/main.js:0
[  959495ms] [ERROR] Failed to load resource: the server responded with a status of 404 (Not Found) @ http://localhost:9898/main.js:0
[  960522ms] [ERROR] Failed to load resource: the server responded with a status of 404 (Not Found) @ http://localhost:9898/main.js:0
[  961420ms] [ERROR] Failed to load resource: the server responded with a status of 404 (Not Found) @ http://localhost:9898/main.js:0
[  962631ms] [ERROR] Failed to load resource: the server responded with a status of 404 (Not Found) @ http://localhost:9898/main.js:0
[  963730ms] [ERROR] Failed to load resource: the server responded with a status of 404 (Not Found) @ http://localhost:9898/main.js:0
[  964728ms] [ERROR] Failed to load resource: the server responded with a status of 404 (Not Found) @ http://localhost:9898/main.js:0
[  965507ms] [ERROR] Failed to load resource: the server responded with a status of 404 (Not Found) @ http://localhost:9898/main.js:0
[  966843ms] [ERROR] Failed to load resource: the server responded with a status of 404 (Not Found) @ http://localhost:9898/main.js:0
[  967593ms] [ERROR] Failed to load resource: the server responded with a status of 404 (Not Found) @ http://localhost:9898/main.js:0
[  968460ms] [ERROR] Failed to load resource: the server responded with a status of 404 (Not Found) @ http://localhost:9898/main.js:0
[  969790ms] [ERROR] Failed to load resource: the server responded with a status of 404 (Not Found) @ http://localhost:9898/main.js:0
[  970750ms] [ERROR] Failed to load resource: the server responded with a status of 404 (Not Found) @ http://localhost:9898/main.js:0
[  971560ms] [ERROR] Failed to load resource: the server responded with a status of 404 (Not Found) @ http://localhost:9898/main.js:0
[  972413ms] [ERROR] Failed to load resource: the server responded with a status of 404 (Not Found) @ http://localhost:9898/main.js:0
[  974010ms] [ERROR] Failed to load resource: the server responded with a status of 404 (Not Found) @ http://localhost:9898/main.js:0
[  974882ms] [ERROR] Failed to load resource: the server responded with a status of 404 (Not Found) @ http://localhost:9898/main.js:0
[  976368ms] [ERROR] Failed to load resource: the server responded with a status of 404 (Not Found) @ http://localhost:9898/main.js:0
[  978138ms] [ERROR] Failed to load resource: the server responded with a status of 404 (Not Found) @ http://localhost:9898/main.js:0
[  979501ms] [ERROR] Failed to load resource: the server responded with a status of 404 (Not Found) @ http://localhost:9898/main.js:0
[  980416ms] [ERROR] Failed to load resource: the server responded with a status of 404 (Not Found) @ http://localhost:9898/main.js:0
[  981868ms] [ERROR] Failed to load resource: the server responded with a status of 404 (Not Found) @ http://localhost:9898/main.js:0
[  982823ms] [ERROR] Failed to load resource: the server responded with a status of 404 (Not Found) @ http://localhost:9898/main.js:0
[  984669ms] [ERROR] Failed to load resource: the server responded with a status of 404 (Not Found) @ http://localhost:9898/main.js:0
[  985487ms] [ERROR] Failed to load resource: the server responded with a status of 404 (Not Found) @ http://localhost:9898/main.js:0
[  986617ms] [ERROR] Failed to load resource: the server responded with a status of 404 (Not Found) @ http://localhost:9898/main.js:0
[  987436ms] [ERROR] Failed to load resource: the server responded with a status of 404 (Not Found) @ http://localhost:9898/main.js:0
[  989126ms] [ERROR] Failed to load resource: the server responded with a status of 404 (Not Found) @ http://localhost:9898/main.js:0
[  990717ms] [ERROR] Failed to load resource: the server responded with a status of 404 (Not Found) @ http://localhost:9898/main.js:0
[  991552ms] [ERROR] Failed to load resource: the server responded with a status of 404 (Not Found) @ http://localhost:9898/main.js:0
[  993213ms] [ERROR] Failed to load resource: the server responded with a status of 404 (Not Found) @ http://localhost:9898/main.js:0
[  994170ms] [ERROR] Failed to load resource: the server responded with a status of 404 (Not Found) @ http://localhost:9898/main.js:0
[  995200ms] [ERROR] Failed to load resource: the server responded with a status of 404 (Not Found) @ http://localhost:9898/main.js:0
[  996924ms] [ERROR] Failed to load resource: the server responded with a status of 404 (Not Found) @ http://localhost:9898/main.js:0
[  998832ms] [ERROR] Failed to load resource: the server responded with a status of 404 (Not Found) @ http://localhost:9898/main.js:0
[  999712ms] [ERROR] Failed to load resource: the server responded with a status of 404 (Not Found) @ http://localhost:9898/main.js:0
[ 1000595ms] [ERROR] Failed to load resource: the server responded with a status of 404 (Not Found) @ http://localhost:9898/main.js:0
[ 1003750ms] [ERROR] Failed to load resource: the server responded with a status of 404 (Not Found) @ http://localhost:9898/main.js:0
[ 1005704ms] [ERROR] Failed to load resource: the server responded with a status of 404 (Not Found) @ http://localhost:9898/main.js:0
[ 1007969ms] [ERROR] Failed to load resource: the server responded with a status of 404 (Not Found) @ http://localhost:9898/main.js:0
[ 1010235ms] [ERROR] Failed to load resource: the server responded with a status of 404 (Not Found) @ http://localhost:9898/main.js:0
[ 1012351ms] [ERROR] Failed to load resource: the server responded with a status of 404 (Not Found) @ http://localhost:9898/main.js:0
[ 1031263ms] [ERROR] Failed to load resource: the server responded with a status of 404 (Not Found) @ http://localhost:9898/main.js:0
[ 1035998ms] [ERROR] Failed to load resource: the server responded with a status of 404 (Not Found) @ http://localhost:9898/main.js:0
[ 1042941ms] [ERROR] Failed to load resource: the server responded with a status of 404 (Not Found) @ http://localhost:9898/main.js:0
[ 1045180ms] [ERROR] Failed to load resource: the server responded with a status of 404 (Not Found) @ http://localhost:9898/main.js:0
[ 1047447ms] [ERROR] Failed to load resource: the server responded with a status of 404 (Not Found) @ http://localhost:9898/main.js:0
[ 1053098ms] [ERROR] Failed to load resource: the server responded with a status of 404 (Not Found) @ http://localhost:9898/main.js:0
[ 1061407ms] [ERROR] Failed to load resource: the server responded with a status of 404 (Not Found) @ http://localhost:9898/main.js:0
[ 1063078ms] [ERROR] Failed to load resource: the server responded with a status of 404 (Not Found) @ http://localhost:9898/main.js:0
[ 1065173ms] [ERROR] Failed to load resource: the server responded with a status of 404 (Not Found) @ http://localhost:9898/main.js:0
[ 1066309ms] [ERROR] Failed to load resource: the server responded with a status of 404 (Not Found) @ http://localhost:9898/main.js:0
[ 1067526ms] [ERROR] Failed to load resource: the server responded with a status of 404 (Not Found) @ http://localhost:9898/main.js:0
[ 1068355ms] [ERROR] Failed to load resource: the server responded with a status of 404 (Not Found) @ http://localhost:9898/main.js:0
[ 1070496ms] [ERROR] Failed to load resource: the server responded with a status of 404 (Not Found) @ http://localhost:9898/main.js:0
[ 1071472ms] [ERROR] Failed to load resource: the server responded with a status of 404 (Not Found) @ http://localhost:9898/main.js:0
[ 1072435ms] [ERROR] Failed to load resource: the server responded with a status of 404 (Not Found) @ http://localhost:9898/main.js:0
[ 1073524ms] [ERROR] Failed to load resource: the server responded with a status of 404 (Not Found) @ http://localhost:9898/main.js:0
[ 1074450ms] [ERROR] Failed to load resource: the server responded with a status of 404 (Not Found) @ http://localhost:9898/main.js:0
[ 1076918ms] [ERROR] Failed to load resource: the server responded with a status of 404 (Not Found) @ http://localhost:9898/main.js:0
[ 1080030ms] [ERROR] Failed to load resource: the server responded with a status of 404 (Not Found) @ http://localhost:9898/main.js:0
[ 1086958ms] [ERROR] Failed to load resource: the server responded with a status of 404 (Not Found) @ http://localhost:9898/main.js:0
[ 1092456ms] [ERROR] Failed to load resource: the server responded with a status of 404 (Not Found) @ http://localhost:9898/main.js:0
[ 1096468ms] [ERROR] Failed to load resource: the server responded with a status of 404 (Not Found) @ http://localhost:9898/main.js:0
[ 1098107ms] [ERROR] Failed to load resource: the server responded with a status of 404 (Not Found) @ http://localhost:9898/main.js:0
[ 1099126ms] [ERROR] Failed to load resource: the server responded with a status of 404 (Not Found) @ http://localhost:9898/main.js:0
[ 1100031ms] [ERROR] Failed to load resource: the server responded with a status of 404 (Not Found) @ http://localhost:9898/main.js:0
[ 1100808ms] [ERROR] Failed to load resource: the server responded with a status of 404 (Not Found) @ http://localhost:9898/main.js:0
[ 1101549ms] [ERROR] Failed to load resource: the server responded with a status of 404 (Not Found) @ http://localhost:9898/main.js:0
[ 1102360ms] [ERROR] Failed to load resource: the server responded with a status of 404 (Not Found) @ http://localhost:9898/main.js:0
[ 1103860ms] [ERROR] Failed to load resource: the server responded with a status of 404 (Not Found) @ http://localhost:9898/main.js:0
[ 1104904ms] [ERROR] Failed to load resource: the server responded with a status of 404 (Not Found) @ http://localhost:9898/main.js:0
[ 1106179ms] [ERROR] Failed to load resource: the server responded with a status of 404 (Not Found) @ http://localhost:9898/main.js:0
[ 1107450ms] [ERROR] Failed to load resource: the server responded with a status of 404 (Not Found) @ http://localhost:9898/main.js:0
[ 1109315ms] [ERROR] Failed to load resource: the server responded with a status of 404 (Not Found) @ http://localhost:9898/main.js:0
[ 1110547ms] [ERROR] Failed to load resource: the server responded with a status of 404 (Not Found) @ http://localhost:9898/main.js:0
[ 1111375ms] [ERROR] Failed to load resource: the server responded with a status of 404 (Not Found) @ http://localhost:9898/main.js:0
[ 1113180ms] [ERROR] Failed to load resource: the server responded with a status of 404 (Not Found) @ http://localhost:9898/main.js:0
[ 1114911ms] [ERROR] Failed to load resource: the server responded with a status of 404 (Not Found) @ http://localhost:9898/main.js:0
[ 1116345ms] [ERROR] Failed to load resource: the server responded with a status of 404 (Not Found) @ http://localhost:9898/main.js:0
[ 1117860ms] [ERROR] Failed to load resource: the server responded with a status of 404 (Not Found) @ http://localhost:9898/main.js:0
